Archive member included to satisfy reference by file (symbol)

c:/program files (x86)/atmel/studio/7.0/toolchain/arm/arm-gnu-toolchain/bin/../lib/gcc/arm-none-eabi/6.3.1/../../../../arm-none-eabi/lib/thumb/v6-m\libm.a(lib_a-s_cos.o)
                              gpsutilities.o (cos)
c:/program files (x86)/atmel/studio/7.0/toolchain/arm/arm-gnu-toolchain/bin/../lib/gcc/arm-none-eabi/6.3.1/../../../../arm-none-eabi/lib/thumb/v6-m\libm.a(lib_a-s_sin.o)
                              gpsutilities.o (sin)
c:/program files (x86)/atmel/studio/7.0/toolchain/arm/arm-gnu-toolchain/bin/../lib/gcc/arm-none-eabi/6.3.1/../../../../arm-none-eabi/lib/thumb/v6-m\libm.a(lib_a-w_acos.o)
                              gpsutilities.o (acos)
c:/program files (x86)/atmel/studio/7.0/toolchain/arm/arm-gnu-toolchain/bin/../lib/gcc/arm-none-eabi/6.3.1/../../../../arm-none-eabi/lib/thumb/v6-m\libm.a(lib_a-e_acos.o)
                              c:/program files (x86)/atmel/studio/7.0/toolchain/arm/arm-gnu-toolchain/bin/../lib/gcc/arm-none-eabi/6.3.1/../../../../arm-none-eabi/lib/thumb/v6-m\libm.a(lib_a-w_acos.o) (__ieee754_acos)
c:/program files (x86)/atmel/studio/7.0/toolchain/arm/arm-gnu-toolchain/bin/../lib/gcc/arm-none-eabi/6.3.1/../../../../arm-none-eabi/lib/thumb/v6-m\libm.a(lib_a-e_rem_pio2.o)
                              c:/program files (x86)/atmel/studio/7.0/toolchain/arm/arm-gnu-toolchain/bin/../lib/gcc/arm-none-eabi/6.3.1/../../../../arm-none-eabi/lib/thumb/v6-m\libm.a(lib_a-s_cos.o) (__ieee754_rem_pio2)
c:/program files (x86)/atmel/studio/7.0/toolchain/arm/arm-gnu-toolchain/bin/../lib/gcc/arm-none-eabi/6.3.1/../../../../arm-none-eabi/lib/thumb/v6-m\libm.a(lib_a-e_sqrt.o)
                              c:/program files (x86)/atmel/studio/7.0/toolchain/arm/arm-gnu-toolchain/bin/../lib/gcc/arm-none-eabi/6.3.1/../../../../arm-none-eabi/lib/thumb/v6-m\libm.a(lib_a-e_acos.o) (__ieee754_sqrt)
c:/program files (x86)/atmel/studio/7.0/toolchain/arm/arm-gnu-toolchain/bin/../lib/gcc/arm-none-eabi/6.3.1/../../../../arm-none-eabi/lib/thumb/v6-m\libm.a(lib_a-k_cos.o)
                              c:/program files (x86)/atmel/studio/7.0/toolchain/arm/arm-gnu-toolchain/bin/../lib/gcc/arm-none-eabi/6.3.1/../../../../arm-none-eabi/lib/thumb/v6-m\libm.a(lib_a-s_cos.o) (__kernel_cos)
c:/program files (x86)/atmel/studio/7.0/toolchain/arm/arm-gnu-toolchain/bin/../lib/gcc/arm-none-eabi/6.3.1/../../../../arm-none-eabi/lib/thumb/v6-m\libm.a(lib_a-k_rem_pio2.o)
                              c:/program files (x86)/atmel/studio/7.0/toolchain/arm/arm-gnu-toolchain/bin/../lib/gcc/arm-none-eabi/6.3.1/../../../../arm-none-eabi/lib/thumb/v6-m\libm.a(lib_a-e_rem_pio2.o) (__kernel_rem_pio2)
c:/program files (x86)/atmel/studio/7.0/toolchain/arm/arm-gnu-toolchain/bin/../lib/gcc/arm-none-eabi/6.3.1/../../../../arm-none-eabi/lib/thumb/v6-m\libm.a(lib_a-k_sin.o)
                              c:/program files (x86)/atmel/studio/7.0/toolchain/arm/arm-gnu-toolchain/bin/../lib/gcc/arm-none-eabi/6.3.1/../../../../arm-none-eabi/lib/thumb/v6-m\libm.a(lib_a-s_cos.o) (__kernel_sin)
c:/program files (x86)/atmel/studio/7.0/toolchain/arm/arm-gnu-toolchain/bin/../lib/gcc/arm-none-eabi/6.3.1/../../../../arm-none-eabi/lib/thumb/v6-m\libm.a(lib_a-s_fabs.o)
                              c:/program files (x86)/atmel/studio/7.0/toolchain/arm/arm-gnu-toolchain/bin/../lib/gcc/arm-none-eabi/6.3.1/../../../../arm-none-eabi/lib/thumb/v6-m\libm.a(lib_a-w_acos.o) (fabs)
c:/program files (x86)/atmel/studio/7.0/toolchain/arm/arm-gnu-toolchain/bin/../lib/gcc/arm-none-eabi/6.3.1/../../../../arm-none-eabi/lib/thumb/v6-m\libm.a(lib_a-s_floor.o)
                              c:/program files (x86)/atmel/studio/7.0/toolchain/arm/arm-gnu-toolchain/bin/../lib/gcc/arm-none-eabi/6.3.1/../../../../arm-none-eabi/lib/thumb/v6-m\libm.a(lib_a-k_rem_pio2.o) (floor)
c:/program files (x86)/atmel/studio/7.0/toolchain/arm/arm-gnu-toolchain/bin/../lib/gcc/arm-none-eabi/6.3.1/../../../../arm-none-eabi/lib/thumb/v6-m\libm.a(lib_a-s_lib_ver.o)
                              c:/program files (x86)/atmel/studio/7.0/toolchain/arm/arm-gnu-toolchain/bin/../lib/gcc/arm-none-eabi/6.3.1/../../../../arm-none-eabi/lib/thumb/v6-m\libm.a(lib_a-w_acos.o) (__fdlib_version)
c:/program files (x86)/atmel/studio/7.0/toolchain/arm/arm-gnu-toolchain/bin/../lib/gcc/arm-none-eabi/6.3.1/../../../../arm-none-eabi/lib/thumb/v6-m\libm.a(lib_a-s_matherr.o)
                              c:/program files (x86)/atmel/studio/7.0/toolchain/arm/arm-gnu-toolchain/bin/../lib/gcc/arm-none-eabi/6.3.1/../../../../arm-none-eabi/lib/thumb/v6-m\libm.a(lib_a-w_acos.o) (matherr)
c:/program files (x86)/atmel/studio/7.0/toolchain/arm/arm-gnu-toolchain/bin/../lib/gcc/arm-none-eabi/6.3.1/../../../../arm-none-eabi/lib/thumb/v6-m\libm.a(lib_a-s_nan.o)
                              c:/program files (x86)/atmel/studio/7.0/toolchain/arm/arm-gnu-toolchain/bin/../lib/gcc/arm-none-eabi/6.3.1/../../../../arm-none-eabi/lib/thumb/v6-m\libm.a(lib_a-w_acos.o) (nan)
[...]
Memory Configuration

Name             Origin             Length             Attributes
rom              0x00000000         0x00040000         xr
ram              0x20000000         0x00008000         xrw
*default*        0x00000000         0xffffffff

Linker script and memory map

LOAD c:/program files (x86)/atmel/studio/7.0/toolchain/arm/arm-gnu-toolchain/bin/../lib/gcc/arm-none-eabi/6.3.1/thumb/v6-m/crti.o
LOAD c:/program files (x86)/atmel/studio/7.0/toolchain/arm/arm-gnu-toolchain/bin/../lib/gcc/arm-none-eabi/6.3.1/thumb/v6-m/crtbegin.o
LOAD c:/program files (x86)/atmel/studio/7.0/toolchain/arm/arm-gnu-toolchain/bin/../lib/gcc/arm-none-eabi/6.3.1/../../../../arm-none-eabi/lib/thumb/v6-m/crt0.o
LOAD atmel_start.o
LOAD Device_Startup/startup_samd21.o
LOAD Device_Startup/system_samd21.o
LOAD driver_init.o
LOAD gpsisr.o
LOAD gpsutilities.o
LOAD hal/src/hal_adc_sync.o
LOAD hal/src/hal_atomic.o
LOAD hal/src/hal_delay.o
LOAD hal/src/hal_ext_irq.o
LOAD hal/src/hal_gpio.o
LOAD hal/src/hal_i2c_m_sync.o
LOAD hal/src/hal_init.o
LOAD hal/src/hal_io.o
LOAD hal/src/hal_pwm.o
LOAD hal/src/hal_sleep.o
LOAD hal/src/hal_spi_m_sync.o
LOAD hal/src/hal_timer.o
LOAD hal/src/hal_usart_sync.o
LOAD hal/src/hal_usb_device.o
LOAD hal/utils/src/utils_assert.o
LOAD hal/utils/src/utils_event.o
LOAD hal/utils/src/utils_list.o
LOAD hal/utils/src/utils_syscalls.o
LOAD hpl/adc/hpl_adc.o
LOAD hpl/core/hpl_core_m0plus_base.o
LOAD hpl/core/hpl_init.o
LOAD hpl/dmac/hpl_dmac.o
LOAD hpl/eic/hpl_eic.o
LOAD hpl/gclk/hpl_gclk.o
LOAD hpl/pm/hpl_pm.o
LOAD hpl/rtc/hpl_rtc.o
LOAD hpl/sercom/hpl_sercom.o
LOAD hpl/sysctrl/hpl_sysctrl.o
LOAD hpl/systick/hpl_systick.o
LOAD hpl/tcc/hpl_tcc.o
LOAD hpl/usb/hpl_usb.o
LOAD lcd.o
LOAD main.o
LOAD readswitch.o
LOAD ubx8.o
LOAD usb/class/cdc/device/cdcdf_acm.o
LOAD usb/device/usbdc.o
LOAD usb/usb_protocol.o
LOAD usb_start.o
START GROUP
LOAD c:/program files (x86)/atmel/studio/7.0/toolchain/arm/arm-gnu-toolchain/bin/../lib/gcc/arm-none-eabi/6.3.1/../../../../arm-none-eabi/lib/thumb/v6-m\libm.a
END GROUP
START GROUP
LOAD c:/program files (x86)/atmel/studio/7.0/toolchain/arm/arm-gnu-toolchain/bin/../lib/gcc/arm-none-eabi/6.3.1/thumb/v6-m\libgcc.a
LOAD c:/program files (x86)/atmel/studio/7.0/toolchain/arm/arm-gnu-toolchain/bin/../lib/gcc/arm-none-eabi/6.3.1/../../../../arm-none-eabi/lib/thumb/v6-m\libc_nano.a
END GROUP
START GROUP
LOAD c:/program files (x86)/atmel/studio/7.0/toolchain/arm/arm-gnu-toolchain/bin/../lib/gcc/arm-none-eabi/6.3.1/thumb/v6-m\libgcc.a
LOAD c:/program files (x86)/atmel/studio/7.0/toolchain/arm/arm-gnu-toolchain/bin/../lib/gcc/arm-none-eabi/6.3.1/../../../../arm-none-eabi/lib/thumb/v6-m\libc_nano.a
END GROUP
LOAD c:/program files (x86)/atmel/studio/7.0/toolchain/arm/arm-gnu-toolchain/bin/../lib/gcc/arm-none-eabi/6.3.1/thumb/v6-m/crtend.o
LOAD c:/program files (x86)/atmel/studio/7.0/toolchain/arm/arm-gnu-toolchain/bin/../lib/gcc/arm-none-eabi/6.3.1/thumb/v6-m/crtn.o
                0x00002000                STACK_SIZE = DEFINED (STACK_SIZE)?STACK_SIZE:DEFINED (__stack_size__)?__stack_size__:0x2000

.text           0x00000000     0xc5c0
                0x00000000                . = ALIGN (0x4)
                0x00000000                _sfixed = .
 *(.vectors .vectors.*)
 .vectors       0x00000000       0xb4 Device_Startup/startup_samd21.o
                0x00000000                exception_table
 *(.text .text.* .gnu.linkonce.t.*)
 .text          0x000000b4       0x60 c:/program files (x86)/atmel/studio/7.0/toolchain/arm/arm-gnu-toolchain/bin/../lib/gcc/arm-none-eabi/6.3.1/thumb/v6-m/crtbegin.o
 .text.atmel_start_init
                0x00000114       0x1c atmel_start.o
                0x00000114                atmel_start_init
 .text.Reset_Handler
                0x00000130       0xf8 Device_Startup/startup_samd21.o
                0x00000130                Reset_Handler
 .text.Dummy_Handler
                0x00000228        0x6 Device_Startup/startup_samd21.o
                0x00000228                SVCall_Handler
                0x00000228                DMAC_Handler
                0x00000228                HardFault_Handler
                0x00000228                AC_Handler
                0x00000228                SysTick_Handler
                0x00000228                PendSV_Handler
                0x00000228                TC7_Handler
                0x00000228                SERCOM1_Handler
                0x00000228                ADC_Handler
                0x00000228                NonMaskableInt_Handler
                0x00000228                SERCOM2_Handler
                0x00000228                TCC0_Handler
                0x00000228                TC6_Handler
                0x00000228                WDT_Handler
                0x00000228                TC4_Handler
                0x00000228                TC3_Handler
                0x00000228                Dummy_Handler
                0x00000228                PM_Handler
                0x00000228                SERCOM5_Handler
                0x00000228                TCC2_Handler
                0x00000228                EVSYS_Handler
                0x00000228                SERCOM3_Handler
                0x00000228                SERCOM4_Handler
                0x00000228                I2S_Handler
                0x00000228                NVMCTRL_Handler
                0x00000228                SERCOM0_Handler
                0x00000228                DAC_Handler
                0x00000228                PTC_Handler
                0x00000228                TC5_Handler
                0x00000228                SYSCTRL_Handler
 .text.hri_gclk_write_CLKCTRL_reg
                0x0000022e       0x1e driver_init.o
 .text.hri_port_set_DIR_reg
                0x0000024c       0x2c driver_init.o
 .text.hri_port_clear_DIR_reg
                0x00000278       0x2c driver_init.o
 .text.hri_port_set_OUT_reg
                0x000002a4       0x2c driver_init.o
 .text.hri_port_clear_OUT_reg
                0x000002d0       0x2c driver_init.o
 .text.hri_port_write_PMUX_PMUXE_bf
                0x000002fc       0x88 driver_init.o
 .text.hri_port_write_PMUX_PMUXO_bf
                0x00000384       0x86 driver_init.o
 .text.hri_port_write_PINCFG_PMUXEN_bit
                0x0000040a       0x82 driver_init.o
 .text.hri_port_set_PINCFG_PULLEN_bit
                0x0000048c       0x56 driver_init.o
 .text.hri_port_clear_PINCFG_PULLEN_bit
                0x000004e2       0x56 driver_init.o
 .text.hri_port_write_WRCONFIG_reg
                0x00000538       0x2c driver_init.o
 .text._gpio_set_direction
                0x00000564      0x118 driver_init.o
 .text._gpio_set_level
                0x0000067c       0x50 driver_init.o
 .text._gpio_set_pin_pull_mode
                0x000006cc       0xf4 driver_init.o
 .text._gpio_set_pin_function
                0x000007c0       0xb4 driver_init.o
 .text.gpio_set_pin_pull_mode
                0x00000874       0x3c driver_init.o
 .text.gpio_set_pin_function
                0x000008b0       0x24 driver_init.o
 .text.gpio_set_pin_direction
                0x000008d4       0x40 driver_init.o
 .text.gpio_set_pin_level
                0x00000914       0x40 driver_init.o
 .text.init_mcu
                0x00000954       0x14 driver_init.o
 .text._gclk_enable_channel
                0x00000968       0x58 driver_init.o
 .text._pm_get_ahb_index
                0x000009c0       0x74 driver_init.o
 .text._pm_get_apbb_index
                0x00000a34       0x74 driver_init.o
 .text._pm_enable_bus_clock
                0x00000aa8       0xe4 driver_init.o
 .text.ADC_0_PORT_init
                0x00000b8c       0x54 driver_init.o
                0x00000b8c                ADC_0_PORT_init
 .text.ADC_0_CLOCK_init
                0x00000be0       0x28 driver_init.o
                0x00000be0                ADC_0_CLOCK_init
 .text.ADC_0_init
                0x00000c08       0x34 driver_init.o
                0x00000c08                ADC_0_init
 .text.EXTERNAL_IRQ_0_init
                0x00000c3c       0x48 driver_init.o
                0x00000c3c                EXTERNAL_IRQ_0_init
 .text.USART_0_PORT_init
                0x00000c84       0x2c driver_init.o
                0x00000c84                USART_0_PORT_init
 .text.USART_0_CLOCK_init
                0x00000cb0       0x28 driver_init.o
                0x00000cb0                USART_0_CLOCK_init
 .text.USART_0_init
                0x00000cd8       0x34 driver_init.o
                0x00000cd8                USART_0_init
 .text.I2C_0_PORT_init
                0x00000d0c       0x40 driver_init.o
                0x00000d0c                I2C_0_PORT_init
 .text.I2C_0_CLOCK_init
                0x00000d4c       0x30 driver_init.o
                0x00000d4c                I2C_0_CLOCK_init
 .text.I2C_0_init
                0x00000d7c       0x34 driver_init.o
                0x00000d7c                I2C_0_init
 .text.I2C_1_PORT_init
                0x00000db0       0x40 driver_init.o
                0x00000db0                I2C_1_PORT_init
 .text.I2C_1_CLOCK_init
                0x00000df0       0x30 driver_init.o
                0x00000df0                I2C_1_CLOCK_init
 .text.I2C_1_init
                0x00000e20       0x34 driver_init.o
                0x00000e20                I2C_1_init
 .text.SPI_1_PORT_init
                0x00000e54       0x74 driver_init.o
                0x00000e54                SPI_1_PORT_init
 .text.SPI_1_CLOCK_init
                0x00000ec8       0x28 driver_init.o
                0x00000ec8                SPI_1_CLOCK_init
 .text.SPI_1_init
                0x00000ef0       0x34 driver_init.o
                0x00000ef0                SPI_1_init
 .text.SPI_0_PORT_init
                0x00000f24       0x74 driver_init.o
                0x00000f24                SPI_0_PORT_init
 .text.SPI_0_CLOCK_init
                0x00000f98       0x28 driver_init.o
                0x00000f98                SPI_0_CLOCK_init
 .text.SPI_0_init
                0x00000fc0       0x34 driver_init.o
                0x00000fc0                SPI_0_init
 .text.delay_driver_init
                0x00000ff4       0x1c driver_init.o
                0x00000ff4                delay_driver_init
 .text.TIMER_0_init
                0x00001010       0x44 driver_init.o
 .text.PWM_SERVO_PORT_init
                0x00001054       0x1c driver_init.o
                0x00001054                PWM_SERVO_PORT_init
 .text.PWM_SERVO_CLOCK_init
                0x00001070       0x28 driver_init.o
                0x00001070                PWM_SERVO_CLOCK_init
 .text.PWM_SERVO_init
                0x00001098       0x3c driver_init.o
                0x00001098                PWM_SERVO_init
 .text.PWM_MOTOR1_PORT_init
                0x000010d4       0x50 driver_init.o
                0x000010d4                PWM_MOTOR1_PORT_init
 .text.PWM_MOTOR1_CLOCK_init
                0x00001124       0x28 driver_init.o
                0x00001124                PWM_MOTOR1_CLOCK_init
 .text.PWM_MOTOR1_init
                0x0000114c       0x3c driver_init.o
                0x0000114c                PWM_MOTOR1_init
 .text.USB_0_PORT_init
                0x00001188       0x68 driver_init.o
                0x00001188                USB_0_PORT_init
 .text.USB_0_CLOCK_init
                0x000011f0       0x34 driver_init.o
                0x000011f0                USB_0_CLOCK_init
 .text.USB_0_init
                0x00001224       0x24 driver_init.o
                0x00001224                USB_0_init
 .text.system_init
                0x00001248      0x378 driver_init.o
                0x00001248                system_init
 .text.adc_sync_init
                0x000015c0       0x54 hal/src/hal_adc_sync.o
                0x000015c0                adc_sync_init
 .text.atomic_enter_critical
                0x00001614       0x22 hal/src/hal_atomic.o
                0x00001614                atomic_enter_critical
 .text.atomic_leave_critical
                0x00001636       0x20 hal/src/hal_atomic.o
                0x00001636                atomic_leave_critical
 *fill*         0x00001656        0x2 
 .text.delay_init
                0x00001658       0x28 hal/src/hal_delay.o
                0x00001658                delay_init
 .text.delay_us
                0x00001680       0x38 hal/src/hal_delay.o
                0x00001680                delay_us
 .text.delay_ms
                0x000016b8       0x38 hal/src/hal_delay.o
                0x000016b8                delay_ms
 .text.ext_irq_init
                0x000016f0       0x5c hal/src/hal_ext_irq.o
                0x000016f0                ext_irq_init
 .text.process_ext_irq
                0x0000174c       0xe0 hal/src/hal_ext_irq.o
 .text.i2c_m_sync_read
                0x0000182c       0x68 hal/src/hal_i2c_m_sync.o
 .text.i2c_m_sync_write
                0x00001894       0x68 hal/src/hal_i2c_m_sync.o
 .text.i2c_m_sync_init
                0x000018fc       0x60 hal/src/hal_i2c_m_sync.o
                0x000018fc                i2c_m_sync_init
 .text.pwm_init
                0x0000195c       0x68 hal/src/hal_pwm.o
                0x0000195c                pwm_init
 .text.pwm_enable
                0x000019c4       0x50 hal/src/hal_pwm.o
                0x000019c4                pwm_enable
 .text.pwm_set_parameters
                0x00001a14       0x40 hal/src/hal_pwm.o
                0x00001a14                pwm_set_parameters
 .text.pwm_period_expired
                0x00001a54       0x26 hal/src/hal_pwm.o
 .text.pwm_detect_fault
                0x00001a7a       0x26 hal/src/hal_pwm.o
 .text.spi_m_sync_init
                0x00001aa0       0x88 hal/src/hal_spi_m_sync.o
                0x00001aa0                spi_m_sync_init
 .text._spi_m_sync_io_read
                0x00001b28       0x64 hal/src/hal_spi_m_sync.o
 .text._spi_m_sync_io_write
                0x00001b8c       0x64 hal/src/hal_spi_m_sync.o
 .text.spi_m_sync_transfer
                0x00001bf0       0x74 hal/src/hal_spi_m_sync.o
                0x00001bf0                spi_m_sync_transfer
 .text.list_get_head
                0x00001c64       0x14 hal/src/hal_timer.o
 .text.list_get_next_element
                0x00001c78       0x1e hal/src/hal_timer.o
 *fill*         0x00001c96        0x2 
 .text.timer_init
                0x00001c98       0x64 hal/src/hal_timer.o
                0x00001c98                timer_init
 .text.timer_start
                0x00001cfc       0x50 hal/src/hal_timer.o
                0x00001cfc                timer_start
 .text.timer_add_task
                0x00001d4c       0xfc hal/src/hal_timer.o
                0x00001d4c                timer_add_task
 .text.timer_add_timer_task
                0x00001e48       0xc4 hal/src/hal_timer.o
 .text.timer_process_counted
                0x00001f0c       0xc4 hal/src/hal_timer.o
 .text.usart_sync_init
                0x00001fd0       0x78 hal/src/hal_usart_sync.o
                0x00001fd0                usart_sync_init
 .text.usart_sync_enable
                0x00002048       0x3c hal/src/hal_usart_sync.o
                0x00002048                usart_sync_enable
 .text.usart_sync_get_io_descriptor
                0x00002084       0x48 hal/src/hal_usart_sync.o
                0x00002084                usart_sync_get_io_descriptor
 .text.usart_sync_write
                0x000020cc       0xd4 hal/src/hal_usart_sync.o
 .text.usart_sync_read
                0x000021a0       0x9c hal/src/hal_usart_sync.o
 .text._usb_d_find_ep
                0x0000223c       0xa4 hal/src/hal_usb_device.o
 .text._usb_d_trans
                0x000022e0       0x7c hal/src/hal_usb_device.o
 .text.usb_d_dummy_cb_false
                0x0000235c       0x16 hal/src/hal_usb_device.o
 *fill*         0x00002372        0x2 
 .text.usb_d_cb_trans_setup
                0x00002374       0xf4 hal/src/hal_usb_device.o
 .text.usb_d_cb_trans_more
                0x00002468       0x5c hal/src/hal_usb_device.o
 .text.usb_d_ctrl_trans_done
                0x000024c4       0xdc hal/src/hal_usb_device.o
 .text._usb_d_cb_trans_done
                0x000025a0       0xfc hal/src/hal_usb_device.o
 .text.usb_d_init
                0x0000269c       0xc8 hal/src/hal_usb_device.o
                0x0000269c                usb_d_init
 .text.usb_d_register_callback
                0x00002764       0x28 hal/src/hal_usb_device.o
                0x00002764                usb_d_register_callback
 .text.usb_d_enable
                0x0000278c       0x14 hal/src/hal_usb_device.o
                0x0000278c                usb_d_enable
 .text.usb_d_attach
                0x000027a0       0x14 hal/src/hal_usb_device.o
                0x000027a0                usb_d_attach
 .text.usb_d_set_address
                0x000027b4       0x24 hal/src/hal_usb_device.o
                0x000027b4                usb_d_set_address
 .text.usb_d_ep0_init
                0x000027d8       0x2c hal/src/hal_usb_device.o
                0x000027d8                usb_d_ep0_init
 .text.usb_d_ep_init
                0x00002804       0xcc hal/src/hal_usb_device.o
                0x00002804                usb_d_ep_init
 .text.usb_d_ep_deinit
                0x000028d0       0x60 hal/src/hal_usb_device.o
                0x000028d0                usb_d_ep_deinit
 .text.usb_d_ep_enable
                0x00002930       0x80 hal/src/hal_usb_device.o
                0x00002930                usb_d_ep_enable
 .text.usb_d_ep_transfer
                0x000029b0      0x1a0 hal/src/hal_usb_device.o
                0x000029b0                usb_d_ep_transfer
 .text._usb_d_ep_halt_clr
                0x00002b50       0x98 hal/src/hal_usb_device.o
 .text.usb_d_ep_halt
                0x00002be8       0x60 hal/src/hal_usb_device.o
                0x00002be8                usb_d_ep_halt
 .text.usb_d_ep_register_callback
                0x00002c48       0x8c hal/src/hal_usb_device.o
                0x00002c48                usb_d_ep_register_callback
 .text.assert   0x00002cd4       0x2c hal/utils/src/utils_assert.o
                0x00002cd4                assert
 .text.is_list_element
                0x00002d00       0x34 hal/utils/src/utils_list.o
                0x00002d00                is_list_element
 .text.list_insert_as_head
                0x00002d34       0x58 hal/utils/src/utils_list.o
                0x00002d34                list_insert_as_head
 .text.list_insert_after
                0x00002d8c       0x20 hal/utils/src/utils_list.o
                0x00002d8c                list_insert_after
 .text.list_insert_at_end
                0x00002dac       0x80 hal/utils/src/utils_list.o
                0x00002dac                list_insert_at_end
 .text.list_remove_head
                0x00002e2c       0x2e hal/utils/src/utils_list.o
                0x00002e2c                list_remove_head
 *fill*         0x00002e5a        0x2 
 .text._sbrk    0x00002e5c       0x3c hal/utils/src/utils_syscalls.o
                0x00002e5c                _sbrk
 .text.hri_adc_wait_for_sync
                0x00002e98       0x20 hpl/adc/hpl_adc.o
 .text.hri_adc_get_CTRLA_reg
                0x00002eb8       0x38 hpl/adc/hpl_adc.o
 .text.hri_adc_write_CTRLA_reg
                0x00002ef0       0x1e hpl/adc/hpl_adc.o
 .text.hri_adc_write_REFCTRL_reg
                0x00002f0e       0x1e hpl/adc/hpl_adc.o
 .text.hri_adc_write_AVGCTRL_reg
                0x00002f2c       0x1e hpl/adc/hpl_adc.o
 .text.hri_adc_write_SAMPCTRL_reg
                0x00002f4a       0x1e hpl/adc/hpl_adc.o
 .text.hri_adc_write_CTRLB_reg
                0x00002f68       0x2c hpl/adc/hpl_adc.o
 .text.hri_adc_write_WINCTRL_reg
                0x00002f94       0x2c hpl/adc/hpl_adc.o
 .text.hri_adc_write_INPUTCTRL_reg
                0x00002fc0       0x24 hpl/adc/hpl_adc.o
 .text.hri_adc_write_EVCTRL_reg
                0x00002fe4       0x1e hpl/adc/hpl_adc.o
 *fill*         0x00003002        0x2 
 .text.hri_adc_write_WINLT_reg
                0x00003004       0x2c hpl/adc/hpl_adc.o
 .text.hri_adc_write_WINUT_reg
                0x00003030       0x2c hpl/adc/hpl_adc.o
 .text.hri_adc_write_GAINCORR_reg
                0x0000305c       0x1e hpl/adc/hpl_adc.o
 .text.hri_adc_write_OFFSETCORR_reg
                0x0000307a       0x1e hpl/adc/hpl_adc.o
 .text.hri_adc_write_CALIB_reg
                0x00003098       0x1e hpl/adc/hpl_adc.o
 .text.hri_adc_write_DBGCTRL_reg
                0x000030b6       0x20 hpl/adc/hpl_adc.o
 .text._adc_get_hardware_index
                0x000030d6       0x12 hpl/adc/hpl_adc.o
 .text._adc_get_regs
                0x000030e8       0x84 hpl/adc/hpl_adc.o
 .text._adc_init
                0x0000316c      0x28c hpl/adc/hpl_adc.o
 .text._adc_sync_init
                0x000033f8       0x54 hpl/adc/hpl_adc.o
                0x000033f8                _adc_sync_init
 .text._get_cycles_for_us_internal
                0x0000344c      0x108 hpl/core/hpl_core_m0plus_base.o
 .text._get_cycles_for_us
                0x00003554       0x2c hpl/core/hpl_core_m0plus_base.o
                0x00003554                _get_cycles_for_us
 .text._get_cycles_for_ms_internal
                0x00003580       0xe8 hpl/core/hpl_core_m0plus_base.o
 .text._get_cycles_for_ms
                0x00003668       0x2c hpl/core/hpl_core_m0plus_base.o
                0x00003668                _get_cycles_for_ms
 .text.hri_nvmctrl_set_CTRLB_RWS_bf
                0x00003694       0x24 hpl/core/hpl_init.o
 .text._init_chip
                0x000036b8       0x40 hpl/core/hpl_init.o
                0x000036b8                _init_chip
 .text.__NVIC_EnableIRQ
                0x000036f8       0x34 hpl/eic/hpl_eic.o
 .text.__NVIC_DisableIRQ
                0x0000372c       0x40 hpl/eic/hpl_eic.o
 .text.__NVIC_ClearPendingIRQ
                0x0000376c       0x38 hpl/eic/hpl_eic.o
 .text.hri_eic_wait_for_sync
                0x000037a4       0x20 hpl/eic/hpl_eic.o
 .text.hri_eic_read_INTFLAG_reg
                0x000037c4       0x14 hpl/eic/hpl_eic.o
 .text.hri_eic_clear_INTFLAG_reg
                0x000037d8       0x18 hpl/eic/hpl_eic.o
 .text.hri_eic_read_INTEN_reg
                0x000037f0       0x14 hpl/eic/hpl_eic.o
 .text.hri_eic_set_CTRL_ENABLE_bit
                0x00003804       0x2c hpl/eic/hpl_eic.o
 .text.hri_eic_get_CTRL_reg
                0x00003830       0x44 hpl/eic/hpl_eic.o
 .text.hri_eic_write_CTRL_reg
                0x00003874       0x2c hpl/eic/hpl_eic.o
 .text.hri_eic_write_NMICTRL_reg
                0x000038a0       0x1e hpl/eic/hpl_eic.o
 .text.hri_eic_write_EVCTRL_reg
                0x000038be       0x18 hpl/eic/hpl_eic.o
 .text.hri_eic_write_WAKEUP_reg
                0x000038d6       0x18 hpl/eic/hpl_eic.o
 .text.hri_eic_write_CONFIG_reg
                0x000038ee       0x2a hpl/eic/hpl_eic.o
 .text._ext_irq_init
                0x00003918       0xd8 hpl/eic/hpl_eic.o
                0x00003918                _ext_irq_init
 .text.EIC_Handler
                0x000039f0      0x184 hpl/eic/hpl_eic.o
                0x000039f0                EIC_Handler
 .text.hri_gclk_wait_for_sync
                0x00003b74       0x20 hpl/gclk/hpl_gclk.o
 .text.hri_gclk_write_GENCTRL_reg
                0x00003b94       0x24 hpl/gclk/hpl_gclk.o
 .text.hri_gclk_write_GENDIV_reg
                0x00003bb8       0x18 hpl/gclk/hpl_gclk.o
 .text._gclk_init_generators_by_fref
                0x00003bd0       0x68 hpl/gclk/hpl_gclk.o
                0x00003bd0                _gclk_init_generators_by_fref
 .text.hri_pm_set_CPUSEL_CPUDIV_bf
                0x00003c38       0x2e hpl/pm/hpl_pm.o
 .text.hri_pm_set_APBASEL_APBADIV_bf
                0x00003c66       0x2e hpl/pm/hpl_pm.o
 .text.hri_pm_set_APBBSEL_APBBDIV_bf
                0x00003c94       0x2e hpl/pm/hpl_pm.o
 .text.hri_pm_set_APBCSEL_APBCDIV_bf
                0x00003cc2       0x2e hpl/pm/hpl_pm.o
 .text._pm_init
                0x00003cf0       0x48 hpl/pm/hpl_pm.o
                0x00003cf0                _pm_init
 .text.__NVIC_EnableIRQ
                0x00003d38       0x34 hpl/rtc/hpl_rtc.o
 .text.hri_rtc_wait_for_sync
                0x00003d6c       0x20 hpl/rtc/hpl_rtc.o
 .text.hri_rtcmode0_clear_interrupt_CMP0_bit
                0x00003d8c       0x16 hpl/rtc/hpl_rtc.o
 .text.hri_rtcmode0_read_INTFLAG_reg
                0x00003da2       0x16 hpl/rtc/hpl_rtc.o
 .text.hri_rtcmode0_set_INTEN_CMP0_bit
                0x00003db8       0x16 hpl/rtc/hpl_rtc.o
 *fill*         0x00003dce        0x2 
 .text.hri_rtcmode0_set_CTRL_ENABLE_bit
                0x00003dd0       0x2c hpl/rtc/hpl_rtc.o
 .text.hri_rtcmode0_get_CTRL_ENABLE_bit
                0x00003dfc       0x48 hpl/rtc/hpl_rtc.o
 .text.hri_rtcmode0_write_CTRL_reg
                0x00003e44       0x2c hpl/rtc/hpl_rtc.o
 .text.hri_rtcmode0_write_COUNT_COUNT_bf
                0x00003e70       0x38 hpl/rtc/hpl_rtc.o
 .text.hri_rtcmode0_write_COMP_COMP_bf
                0x00003ea8       0x54 hpl/rtc/hpl_rtc.o
 .text._timer_init
                0x00003efc       0xbc hpl/rtc/hpl_rtc.o
                0x00003efc                _timer_init
 .text._timer_start
                0x00003fb8       0x74 hpl/rtc/hpl_rtc.o
                0x00003fb8                _timer_start
 .text._timer_is_started
                0x0000402c       0x20 hpl/rtc/hpl_rtc.o
                0x0000402c                _timer_is_started
 .text._timer_set_irq
                0x0000404c       0x10 hpl/rtc/hpl_rtc.o
                0x0000404c                _timer_set_irq
 .text._rtc_timer_interrupt_handler
                0x0000405c       0x54 hpl/rtc/hpl_rtc.o
 .text._rtc_get_timer
                0x000040b0        0xc hpl/rtc/hpl_rtc.o
                0x000040b0                _rtc_get_timer
 .text.RTC_Handler
                0x000040bc       0x1c hpl/rtc/hpl_rtc.o
                0x000040bc                RTC_Handler
 .text.hri_sercomi2cm_wait_for_sync
                0x000040d8       0x1e hpl/sercom/hpl_sercom.o
 .text.hri_sercomi2cm_is_syncing
                0x000040f6       0x20 hpl/sercom/hpl_sercom.o
 .text.hri_sercomspi_wait_for_sync
                0x00004116       0x1e hpl/sercom/hpl_sercom.o
 .text.hri_sercomspi_is_syncing
                0x00004134       0x20 hpl/sercom/hpl_sercom.o
 .text.hri_sercomusart_wait_for_sync
                0x00004154       0x1e hpl/sercom/hpl_sercom.o
 .text.hri_sercomusart_is_syncing
                0x00004172       0x20 hpl/sercom/hpl_sercom.o
 .text.hri_sercomi2cm_clear_interrupt_MB_bit
                0x00004192       0x16 hpl/sercom/hpl_sercom.o
 .text.hri_sercomi2cm_clear_interrupt_SB_bit
                0x000041a8       0x16 hpl/sercom/hpl_sercom.o
 .text.hri_sercomi2cm_read_INTFLAG_reg
                0x000041be       0x16 hpl/sercom/hpl_sercom.o
 .text.hri_sercomspi_get_INTFLAG_reg
                0x000041d4       0x38 hpl/sercom/hpl_sercom.o
 .text.hri_sercomspi_read_INTFLAG_reg
                0x0000420c       0x16 hpl/sercom/hpl_sercom.o
 .text.hri_sercomspi_clear_INTFLAG_reg
                0x00004222       0x1e hpl/sercom/hpl_sercom.o
 .text.hri_sercomusart_get_interrupt_DRE_bit
                0x00004240       0x22 hpl/sercom/hpl_sercom.o
 .text.hri_sercomusart_get_interrupt_TXC_bit
                0x00004262       0x22 hpl/sercom/hpl_sercom.o
 .text.hri_sercomusart_get_interrupt_RXC_bit
                0x00004284       0x22 hpl/sercom/hpl_sercom.o
 *fill*         0x000042a6        0x2 
 .text.hri_sercomi2cm_clear_CTRLA_ENABLE_bit
                0x000042a8       0x2c hpl/sercom/hpl_sercom.o
 .text.hri_sercomi2cm_get_CTRLA_SCLSM_bit
                0x000042d4       0x28 hpl/sercom/hpl_sercom.o
 .text.hri_sercomi2cm_get_CTRLA_reg
                0x000042fc       0x30 hpl/sercom/hpl_sercom.o
 .text.hri_sercomi2cm_write_CTRLA_reg
                0x0000432c       0x28 hpl/sercom/hpl_sercom.o
 .text.hri_sercomspi_get_CTRLA_ENABLE_bit
                0x00004354       0x38 hpl/sercom/hpl_sercom.o
 .text.hri_sercomspi_clear_CTRLA_ENABLE_bit
                0x0000438c       0x2c hpl/sercom/hpl_sercom.o
 .text.hri_sercomspi_get_CTRLA_reg
                0x000043b8       0x30 hpl/sercom/hpl_sercom.o
 .text.hri_sercomspi_write_CTRLA_reg
                0x000043e8       0x28 hpl/sercom/hpl_sercom.o
 .text.hri_sercomusart_set_CTRLA_ENABLE_bit
                0x00004410       0x2c hpl/sercom/hpl_sercom.o
 .text.hri_sercomusart_clear_CTRLA_ENABLE_bit
                0x0000443c       0x2c hpl/sercom/hpl_sercom.o
 .text.hri_sercomusart_get_CTRLA_reg
                0x00004468       0x30 hpl/sercom/hpl_sercom.o
 .text.hri_sercomusart_write_CTRLA_reg
                0x00004498       0x28 hpl/sercom/hpl_sercom.o
 .text.hri_sercomi2cm_set_CTRLB_SMEN_bit
                0x000044c0       0x2c hpl/sercom/hpl_sercom.o
 .text.hri_sercomi2cm_clear_CTRLB_SMEN_bit
                0x000044ec       0x30 hpl/sercom/hpl_sercom.o
 .text.hri_sercomi2cm_set_CTRLB_ACKACT_bit
                0x0000451c       0x2c hpl/sercom/hpl_sercom.o
 .text.hri_sercomi2cm_clear_CTRLB_ACKACT_bit
                0x00004548       0x30 hpl/sercom/hpl_sercom.o
 .text.hri_sercomi2cm_set_CTRLB_CMD_bf
                0x00004578       0x34 hpl/sercom/hpl_sercom.o
 .text.hri_sercomi2cm_write_CTRLB_reg
                0x000045ac       0x28 hpl/sercom/hpl_sercom.o
 .text.hri_sercomspi_write_CTRLB_reg
                0x000045d4       0x28 hpl/sercom/hpl_sercom.o
 .text.hri_sercomusart_write_CTRLB_reg
                0x000045fc       0x28 hpl/sercom/hpl_sercom.o
 .text.hri_sercomi2cm_write_BAUD_reg
                0x00004624       0x18 hpl/sercom/hpl_sercom.o
 .text.hri_sercomspi_write_BAUD_reg
                0x0000463c       0x1e hpl/sercom/hpl_sercom.o
 .text.hri_sercomusart_write_BAUD_reg
                0x0000465a       0x1e hpl/sercom/hpl_sercom.o
 .text.hri_sercomusart_write_RXPL_reg
                0x00004678       0x1e hpl/sercom/hpl_sercom.o
 *fill*         0x00004696        0x2 
 .text.hri_sercomi2cm_write_ADDR_HS_bit
                0x00004698       0x4c hpl/sercom/hpl_sercom.o
 .text.hri_sercomi2cm_write_ADDR_reg
                0x000046e4       0x28 hpl/sercom/hpl_sercom.o
 .text.hri_sercomi2cm_read_ADDR_reg
                0x0000470c       0x24 hpl/sercom/hpl_sercom.o
 .text.hri_sercomspi_write_ADDR_reg
                0x00004730       0x18 hpl/sercom/hpl_sercom.o
 .text.hri_sercomi2cm_write_DATA_reg
                0x00004748       0x30 hpl/sercom/hpl_sercom.o
 .text.hri_sercomi2cm_read_DATA_reg
                0x00004778       0x28 hpl/sercom/hpl_sercom.o
 .text.hri_sercomspi_write_DATA_reg
                0x000047a0       0x18 hpl/sercom/hpl_sercom.o
 .text.hri_sercomspi_read_DATA_reg
                0x000047b8       0x14 hpl/sercom/hpl_sercom.o
 .text.hri_sercomusart_write_DATA_reg
                0x000047cc       0x1e hpl/sercom/hpl_sercom.o
 .text.hri_sercomusart_read_DATA_reg
                0x000047ea       0x16 hpl/sercom/hpl_sercom.o
 .text.hri_sercomspi_write_DBGCTRL_reg
                0x00004800       0x20 hpl/sercom/hpl_sercom.o
 .text.hri_sercomusart_write_DBGCTRL_reg
                0x00004820       0x20 hpl/sercom/hpl_sercom.o
 .text.hri_sercomspi_clear_STATUS_reg
                0x00004840       0x1e hpl/sercom/hpl_sercom.o
 *fill*         0x0000485e        0x2 
 .text.hri_sercomi2cm_read_STATUS_reg
                0x00004860       0x24 hpl/sercom/hpl_sercom.o
 .text._usart_sync_init
                0x00004884       0x40 hpl/sercom/hpl_sercom.o
                0x00004884                _usart_sync_init
 .text._usart_sync_enable
                0x000048c4       0x20 hpl/sercom/hpl_sercom.o
                0x000048c4                _usart_sync_enable
 .text._usart_sync_write_byte
                0x000048e4       0x2c hpl/sercom/hpl_sercom.o
                0x000048e4                _usart_sync_write_byte
 .text._usart_sync_read_byte
                0x00004910       0x24 hpl/sercom/hpl_sercom.o
                0x00004910                _usart_sync_read_byte
 .text._usart_sync_is_ready_to_send
                0x00004934       0x20 hpl/sercom/hpl_sercom.o
                0x00004934                _usart_sync_is_ready_to_send
 .text._usart_sync_is_transmit_done
                0x00004954       0x20 hpl/sercom/hpl_sercom.o
                0x00004954                _usart_sync_is_transmit_done
 .text._usart_sync_is_byte_received
                0x00004974       0x20 hpl/sercom/hpl_sercom.o
                0x00004974                _usart_sync_is_byte_received
 .text._sercom_get_hardware_index
                0x00004994       0x20 hpl/sercom/hpl_sercom.o
 .text._get_sercom_index
                0x000049b4       0x88 hpl/sercom/hpl_sercom.o
 .text._usart_init
                0x00004a3c      0x1fc hpl/sercom/hpl_sercom.o
 .text._get_i2cm_index
                0x00004c38       0x8c hpl/sercom/hpl_sercom.o
 .text._sercom_i2c_send_stop
                0x00004cc4       0x20 hpl/sercom/hpl_sercom.o
 .text._sercom_i2c_sync_analyse_flags
                0x00004ce4      0x264 hpl/sercom/hpl_sercom.o
 .text._i2c_m_sync_init
                0x00004f48       0x48 hpl/sercom/hpl_sercom.o
                0x00004f48                _i2c_m_sync_init
 .text._sercom_i2c_sync_wait_bus
                0x00004f90       0x5c hpl/sercom/hpl_sercom.o
 .text._sercom_i2c_sync_send_address
                0x00004fec      0x140 hpl/sercom/hpl_sercom.o
 .text._i2c_m_sync_transfer
                0x0000512c      0x13c hpl/sercom/hpl_sercom.o
                0x0000512c                _i2c_m_sync_transfer
 .text._i2c_m_sync_init_impl
                0x00005268      0x174 hpl/sercom/hpl_sercom.o
 .text._spi_load_regs_master
                0x000053dc       0xc8 hpl/sercom/hpl_sercom.o
 .text._spi_load_regs_slave
                0x000054a4       0xf8 hpl/sercom/hpl_sercom.o
 .text._spi_get_regs
                0x0000559c       0x7c hpl/sercom/hpl_sercom.o
 .text._spi_m_sync_init
                0x00005618      0x164 hpl/sercom/hpl_sercom.o
                0x00005618                _spi_m_sync_init
 .text._spi_wait_bus_idle
                0x0000577c       0x34 hpl/sercom/hpl_sercom.o
 .text._spi_rx_check_and_receive
                0x000057b0       0x70 hpl/sercom/hpl_sercom.o
 .text._spi_tx_check_and_send
                0x00005820       0x80 hpl/sercom/hpl_sercom.o
 .text._spi_err_check
                0x000058a0       0x44 hpl/sercom/hpl_sercom.o
 .text._spi_m_sync_trans
                0x000058e4      0x158 hpl/sercom/hpl_sercom.o
                0x000058e4                _spi_m_sync_trans
 .text.hri_gclk_get_STATUS_SYNCBUSY_bit
                0x00005a3c       0x22 hpl/sysctrl/hpl_sysctrl.o
 .text.hri_sysctrl_get_PCLKSR_OSC8MRDY_bit
                0x00005a5e       0x20 hpl/sysctrl/hpl_sysctrl.o
 .text.hri_sysctrl_get_PCLKSR_DFLLRDY_bit
                0x00005a7e       0x20 hpl/sysctrl/hpl_sysctrl.o
 .text.hri_sysctrl_get_PCLKSR_reg
                0x00005a9e       0x22 hpl/sysctrl/hpl_sysctrl.o
 .text.hri_sysctrl_set_OSC32K_ENABLE_bit
                0x00005ac0       0x1c hpl/sysctrl/hpl_sysctrl.o
 .text.hri_sysctrl_clear_OSC32K_ENABLE_bit
                0x00005adc       0x1e hpl/sysctrl/hpl_sysctrl.o
 .text.hri_sysctrl_read_OSCULP32K_CALIB_bf
                0x00005afa       0x30 hpl/sysctrl/hpl_sysctrl.o
 .text.hri_sysctrl_write_OSCULP32K_reg
                0x00005b2a       0x1e hpl/sysctrl/hpl_sysctrl.o
 .text.hri_sysctrl_set_OSC8M_ONDEMAND_bit
                0x00005b48       0x1c hpl/sysctrl/hpl_sysctrl.o
 .text.hri_sysctrl_read_OSC8M_CALIB_bf
                0x00005b64       0x22 hpl/sysctrl/hpl_sysctrl.o
 .text.hri_sysctrl_read_OSC8M_FRANGE_bf
                0x00005b86       0x1e hpl/sysctrl/hpl_sysctrl.o
 .text.hri_sysctrl_write_OSC8M_reg
                0x00005ba4       0x18 hpl/sysctrl/hpl_sysctrl.o
 .text.hri_sysctrl_get_DFLLCTRL_MODE_bit
                0x00005bbc       0x3a hpl/sysctrl/hpl_sysctrl.o
 .text.hri_sysctrl_set_DFLLCTRL_ONDEMAND_bit
                0x00005bf6       0x20 hpl/sysctrl/hpl_sysctrl.o
 .text.hri_sysctrl_write_DFLLCTRL_reg
                0x00005c16       0x1e hpl/sysctrl/hpl_sysctrl.o
 .text.hri_sysctrl_write_DFLLVAL_reg
                0x00005c34       0x18 hpl/sysctrl/hpl_sysctrl.o
 .text.hri_sysctrl_write_DFLLMUL_reg
                0x00005c4c       0x18 hpl/sysctrl/hpl_sysctrl.o
 .text._sysctrl_init_sources
                0x00005c64       0xc0 hpl/sysctrl/hpl_sysctrl.o
                0x00005c64                _sysctrl_init_sources
 .text._sysctrl_init_referenced_generators
                0x00005d24      0x11c hpl/sysctrl/hpl_sysctrl.o
                0x00005d24                _sysctrl_init_referenced_generators
 .text._system_time_init
                0x00005e40       0x24 hpl/systick/hpl_systick.o
                0x00005e40                _system_time_init
 .text._delay_init
                0x00005e64       0x1c hpl/systick/hpl_systick.o
                0x00005e64                _delay_init
 .text._delay_cycles
                0x00005e80       0x80 hpl/systick/hpl_systick.o
                0x00005e80                _delay_cycles
 .text.__NVIC_EnableIRQ
                0x00005f00       0x34 hpl/tcc/hpl_tcc.o
 .text.__NVIC_DisableIRQ
                0x00005f34       0x40 hpl/tcc/hpl_tcc.o
 .text.__NVIC_ClearPendingIRQ
                0x00005f74       0x38 hpl/tcc/hpl_tcc.o
 .text.hri_tcc_wait_for_sync
                0x00005fac       0x1e hpl/tcc/hpl_tcc.o
 .text.hri_tcc_is_syncing
                0x00005fca       0x20 hpl/tcc/hpl_tcc.o
 .text.hri_tcc_get_interrupt_OVF_bit
                0x00005fea       0x1e hpl/tcc/hpl_tcc.o
 .text.hri_tcc_clear_interrupt_OVF_bit
                0x00006008       0x16 hpl/tcc/hpl_tcc.o
 .text.hri_tcc_clear_interrupt_ERR_bit
                0x0000601e       0x16 hpl/tcc/hpl_tcc.o
 .text.hri_tcc_clear_CTRLB_LUPD_bit
                0x00006034       0x16 hpl/tcc/hpl_tcc.o
 .text.hri_tcc_set_CTRLB_reg
                0x0000604a       0x1e hpl/tcc/hpl_tcc.o
 .text.hri_tcc_get_INTEN_ERR_bit
                0x00006068       0x20 hpl/tcc/hpl_tcc.o
 .text.hri_tcc_set_CTRLA_ENABLE_bit
                0x00006088       0x2c hpl/tcc/hpl_tcc.o
 .text.hri_tcc_get_CTRLA_ENABLE_bit
                0x000060b4       0x38 hpl/tcc/hpl_tcc.o
 .text.hri_tcc_clear_CTRLA_ENABLE_bit
                0x000060ec       0x2c hpl/tcc/hpl_tcc.o
 .text.hri_tcc_get_CTRLA_reg
                0x00006118       0x30 hpl/tcc/hpl_tcc.o
 .text.hri_tcc_write_CTRLA_reg
                0x00006148       0x28 hpl/tcc/hpl_tcc.o
 .text.hri_tcc_write_DBGCTRL_reg
                0x00006170       0x1e hpl/tcc/hpl_tcc.o
 .text.hri_tcc_write_EVCTRL_reg
                0x0000618e       0x18 hpl/tcc/hpl_tcc.o
 *fill*         0x000061a6        0x2 
 .text.hri_tcc_write_WAVE_reg
                0x000061a8       0x2c hpl/tcc/hpl_tcc.o
 .text.hri_tcc_write_PER_reg
                0x000061d4       0x28 hpl/tcc/hpl_tcc.o
 .text.hri_tcc_write_CC_reg
                0x000061fc       0x40 hpl/tcc/hpl_tcc.o
 .text.hri_tcc_write_PERB_reg
                0x0000623c       0x2c hpl/tcc/hpl_tcc.o
 .text.hri_tcc_write_CCB_reg
                0x00006268       0x3c hpl/tcc/hpl_tcc.o
 .text._tcc_init_irq_param
                0x000062a4       0x28 hpl/tcc/hpl_tcc.o
 .text._pwm_init
                0x000062cc      0x1f4 hpl/tcc/hpl_tcc.o
                0x000062cc                _pwm_init
 .text._pwm_enable
                0x000064c0       0x20 hpl/tcc/hpl_tcc.o
                0x000064c0                _pwm_enable
 .text._pwm_set_param
                0x000064e0       0x54 hpl/tcc/hpl_tcc.o
                0x000064e0                _pwm_set_param
 .text._pwm_is_enabled
                0x00006534       0x20 hpl/tcc/hpl_tcc.o
                0x00006534                _pwm_is_enabled
 .text._tcc_get_pwm
                0x00006554        0xc hpl/tcc/hpl_tcc.o
                0x00006554                _tcc_get_pwm
 .text.tcc_pwm_interrupt_handler
                0x00006560       0x74 hpl/tcc/hpl_tcc.o
 .text.TCC1_Handler
                0x000065d4       0x1c hpl/tcc/hpl_tcc.o
                0x000065d4                TCC1_Handler
 .text._get_tcc_cfg
                0x000065f0       0x64 hpl/tcc/hpl_tcc.o
 .text._get_tcc_pwm_cfg
                0x00006654       0x64 hpl/tcc/hpl_tcc.o
 .text.__NVIC_EnableIRQ
                0x000066b8       0x34 hpl/usb/hpl_usb.o
 .text.hri_sysctrl_get_PCLKSR_reg
                0x000066ec       0x22 hpl/usb/hpl_usb.o
 .text.hri_sysctrl_get_DPLLSTATUS_reg
                0x0000670e       0x3a hpl/usb/hpl_usb.o
 .text.hri_usb_wait_for_sync
                0x00006748       0x2a hpl/usb/hpl_usb.o
 .text.hri_usb_is_syncing
                0x00006772       0x2a hpl/usb/hpl_usb.o
 .text.hri_usbendpoint_get_EPINTFLAG_reg
                0x0000679c       0x4e hpl/usb/hpl_usb.o
 .text.hri_usbendpoint_read_EPINTFLAG_reg
                0x000067ea       0x28 hpl/usb/hpl_usb.o
 .text.hri_usbendpoint_clear_EPINTFLAG_reg
                0x00006812       0x34 hpl/usb/hpl_usb.o
 .text.hri_usbendpoint_set_EPSTATUS_reg
                0x00006846       0x34 hpl/usb/hpl_usb.o
 .text.hri_usbendpoint_read_EPSTATUS_reg
                0x0000687a       0x28 hpl/usb/hpl_usb.o
 .text.hri_usbendpoint_clear_EPSTATUS_reg
                0x000068a2       0x34 hpl/usb/hpl_usb.o
 .text.hri_usbendpoint_clear_EPINTEN_RXSTP_bit
                0x000068d6       0x2a hpl/usb/hpl_usb.o
 .text.hri_usbendpoint_set_EPINTEN_reg
                0x00006900       0x36 hpl/usb/hpl_usb.o
 .text.hri_usbendpoint_clear_EPINTEN_reg
                0x00006936       0x36 hpl/usb/hpl_usb.o
 .text.hri_usbendpoint_read_EPCFG_EPTYPE0_bf
                0x0000696c       0x3e hpl/usb/hpl_usb.o
 .text.hri_usbendpoint_read_EPCFG_EPTYPE1_bf
                0x000069aa       0x42 hpl/usb/hpl_usb.o
 .text.hri_usbendpoint_write_EPCFG_reg
                0x000069ec       0x30 hpl/usb/hpl_usb.o
 .text.hri_usbendpoint_read_EPCFG_reg
                0x00006a1c       0x24 hpl/usb/hpl_usb.o
 .text.hri_usbdevice_read_INTFLAG_reg
                0x00006a40       0x16 hpl/usb/hpl_usb.o
 .text.hri_usbdevice_clear_INTFLAG_reg
                0x00006a56       0x1e hpl/usb/hpl_usb.o
 .text.hri_usbdevice_set_INTEN_reg
                0x00006a74       0x1e hpl/usb/hpl_usb.o
 .text.hri_usbdevice_read_INTEN_reg
                0x00006a92       0x16 hpl/usb/hpl_usb.o
 .text.hri_usbdevice_clear_INTEN_reg
                0x00006aa8       0x1e hpl/usb/hpl_usb.o
 .text.hri_usb_get_SYNCBUSY_reg
                0x00006ac6       0x38 hpl/usb/hpl_usb.o
 *fill*         0x00006afe        0x2 
 .text.hri_usb_clear_CTRLA_ENABLE_bit
                0x00006b00       0x30 hpl/usb/hpl_usb.o
 .text.hri_usb_get_CTRLA_reg
                0x00006b30       0x48 hpl/usb/hpl_usb.o
 .text.hri_usb_write_CTRLA_reg
                0x00006b78       0x2c hpl/usb/hpl_usb.o
 .text.hri_usb_read_CTRLA_reg
                0x00006ba4       0x24 hpl/usb/hpl_usb.o
 .text.hri_usbdevice_clear_CTRLB_DETACH_bit
                0x00006bc8       0x20 hpl/usb/hpl_usb.o
 .text.hri_usbdevice_write_CTRLB_reg
                0x00006be8       0x1e hpl/usb/hpl_usb.o
 .text.hri_usbdevice_write_DADD_reg
                0x00006c06       0x1e hpl/usb/hpl_usb.o
 .text.hri_usb_write_DESCADD_reg
                0x00006c24       0x18 hpl/usb/hpl_usb.o
 .text._dummy_func_no_return
                0x00006c3c       0x14 hpl/usb/hpl_usb.o
 .text._usb_load_calib
                0x00006c50       0xa8 hpl/usb/hpl_usb.o
 .text._usb_d_dev_wait_dpll_rdy
                0x00006cf8       0x24 hpl/usb/hpl_usb.o
 .text._usb_d_dev_wait_dfll_rdy
                0x00006d1c       0x48 hpl/usb/hpl_usb.o
 .text._usb_d_dev_wait_clk_rdy
                0x00006d64       0x38 hpl/usb/hpl_usb.o
 .text._usbd_ep_int_ack
                0x00006d9c       0x30 hpl/usb/hpl_usb.o
 .text._usbd_ep_int_en
                0x00006dcc       0x30 hpl/usb/hpl_usb.o
 .text._usbd_ep_int_dis
                0x00006dfc       0x30 hpl/usb/hpl_usb.o
 .text._usbd_ep_is_ctrl
                0x00006e2c       0x34 hpl/usb/hpl_usb.o
 .text._usbd_ep_set_stall
                0x00006e60       0x6c hpl/usb/hpl_usb.o
 .text._usbd_ep_is_stalled
                0x00006ecc       0x4c hpl/usb/hpl_usb.o
 .text._usbd_ep_is_stall_sent
                0x00006f18       0x4c hpl/usb/hpl_usb.o
 .text._usbd_ep_ack_stall
                0x00006f64       0x34 hpl/usb/hpl_usb.o
 .text._usbd_ep_int_stall_en
                0x00006f98       0x60 hpl/usb/hpl_usb.o
 .text._usbd_ep_stop_setup
                0x00006ff8       0x2c hpl/usb/hpl_usb.o
 .text._usbd_ep_is_setup
                0x00007024       0x34 hpl/usb/hpl_usb.o
 .text._usbd_ep_ack_setup
                0x00007058       0x24 hpl/usb/hpl_usb.o
 .text._usbd_ep_set_toggle
                0x0000707c       0x6c hpl/usb/hpl_usb.o
 .text._usbd_ep_ack_io_cpt
                0x000070e8       0x34 hpl/usb/hpl_usb.o
 .text._usbd_ep_set_buf
                0x0000711c       0x3c hpl/usb/hpl_usb.o
 .text._usbd_ep_set_in_count
                0x00007158       0x60 hpl/usb/hpl_usb.o
 .text._usbd_ep_set_in_size
                0x000071b8       0x58 hpl/usb/hpl_usb.o
 .text._usbd_ep_set_out_count
                0x00007210       0x58 hpl/usb/hpl_usb.o
 .text._usbd_ep_set_out_size
                0x00007268       0x60 hpl/usb/hpl_usb.o
 .text._usbd_ep_set_in_trans
                0x000072c8       0x58 hpl/usb/hpl_usb.o
 .text._usbd_ep_set_out_trans
                0x00007320       0x58 hpl/usb/hpl_usb.o
 .text._usbd_ep_clear_bank_status
                0x00007378       0x38 hpl/usb/hpl_usb.o
 .text._usbd_ep_set_in_rdy
                0x000073b0       0x6c hpl/usb/hpl_usb.o
 .text._usbd_ep_set_out_rdy
                0x0000741c       0x6c hpl/usb/hpl_usb.o
 .text._usbd_ep_pcksize_size
                0x00007488       0x72 hpl/usb/hpl_usb.o
 *fill*         0x000074fa        0x2 
 .text._usb_d_dev_ept
                0x000074fc       0x60 hpl/usb/hpl_usb.o
 .text._usb_d_dev_sof
                0x0000755c       0x28 hpl/usb/hpl_usb.o
 .text._usb_d_dev_lpmsusp
                0x00007584       0xb0 hpl/usb/hpl_usb.o
 .text._usb_d_dev_ramerr
                0x00007634       0x2c hpl/usb/hpl_usb.o
 .text._usb_d_dev_wakeup
                0x00007660       0x58 hpl/usb/hpl_usb.o
 .text._usb_d_dev_reset
                0x000076b8       0x64 hpl/usb/hpl_usb.o
 .text._usb_d_dev_suspend
                0x0000771c       0x50 hpl/usb/hpl_usb.o
 .text._usb_d_dev_handle_nep
                0x0000776c       0xcc hpl/usb/hpl_usb.o
 .text._usb_d_dev_in_next
                0x00007838      0x2a0 hpl/usb/hpl_usb.o
 .text._usb_d_dev_out_next
                0x00007ad8      0x390 hpl/usb/hpl_usb.o
 .text._usb_d_dev_handle_setup
                0x00007e68      0x104 hpl/usb/hpl_usb.o
 .text._usb_d_dev_handle_stall
                0x00007f6c       0x50 hpl/usb/hpl_usb.o
 .text._usb_d_dev_handle_trfail
                0x00007fbc      0x214 hpl/usb/hpl_usb.o
 .text._usb_d_dev_trans_setup_isr
                0x000081d0       0x5c hpl/usb/hpl_usb.o
 .text._usb_d_dev_trans_in_isr
                0x0000822c       0xa0 hpl/usb/hpl_usb.o
 .text._usb_d_dev_trans_out_isr
                0x000082cc       0xa0 hpl/usb/hpl_usb.o
 .text._usb_d_dev_handle_eps
                0x0000836c       0xf8 hpl/usb/hpl_usb.o
 .text._usb_d_dev_handler
                0x00008464       0x94 hpl/usb/hpl_usb.o
 .text._usb_d_dev_reset_epts
                0x000084f8       0x94 hpl/usb/hpl_usb.o
 .text._usb_d_dev_init
                0x0000858c      0x10c hpl/usb/hpl_usb.o
                0x0000858c                _usb_d_dev_init
 .text._usb_d_dev_enable
                0x00008698       0x84 hpl/usb/hpl_usb.o
                0x00008698                _usb_d_dev_enable
 .text._usb_d_dev_attach
                0x0000871c       0x1c hpl/usb/hpl_usb.o
                0x0000871c                _usb_d_dev_attach
 .text._usb_d_dev_set_address
                0x00008738       0x34 hpl/usb/hpl_usb.o
                0x00008738                _usb_d_dev_set_address
 .text._usb_d_dev_trans_setup
                0x0000876c       0x94 hpl/usb/hpl_usb.o
 .text._usb_d_dev_ep_init
                0x00008800      0x17c hpl/usb/hpl_usb.o
                0x00008800                _usb_d_dev_ep_init
 .text._usb_d_dev_ep_deinit
                0x0000897c      0x100 hpl/usb/hpl_usb.o
                0x0000897c                _usb_d_dev_ep_deinit
 .text._usb_d_dev_ep_enable
                0x00008a7c      0x2ac hpl/usb/hpl_usb.o
                0x00008a7c                _usb_d_dev_ep_enable
 .text._usb_d_dev_ep_stall_get
                0x00008d28       0x3c hpl/usb/hpl_usb.o
 .text._usb_d_dev_ep_stall_set
                0x00008d64       0x60 hpl/usb/hpl_usb.o
 .text._usb_d_dev_ep_stall_clr
                0x00008dc4      0x114 hpl/usb/hpl_usb.o
 .text._usb_d_dev_ep_stall
                0x00008ed8       0xc4 hpl/usb/hpl_usb.o
                0x00008ed8                _usb_d_dev_ep_stall
 .text._usb_d_dev_trans_done
                0x00008f9c       0x4c hpl/usb/hpl_usb.o
 .text._usb_d_dev_trans_stop
                0x00008fe8       0xd4 hpl/usb/hpl_usb.o
 .text._usb_d_dev_ep_read_req
                0x000090bc       0xd0 hpl/usb/hpl_usb.o
                0x000090bc                _usb_d_dev_ep_read_req
 .text._usb_d_dev_ep_trans
                0x0000918c      0x230 hpl/usb/hpl_usb.o
                0x0000918c                _usb_d_dev_ep_trans
 .text._usb_d_dev_register_callback
                0x000093bc       0x4c hpl/usb/hpl_usb.o
                0x000093bc                _usb_d_dev_register_callback
 .text._usb_d_dev_register_ep_callback
                0x00009408       0x5c hpl/usb/hpl_usb.o
                0x00009408                _usb_d_dev_register_ep_callback
 .text.USB_Handler
                0x00009464       0x14 hpl/usb/hpl_usb.o
                0x00009464                USB_Handler
 .text.hri_port_set_OUT_reg
                0x00009478       0x2c lcd.o
 .text.hri_port_clear_OUT_reg
                0x000094a4       0x2c lcd.o
 .text.hri_port_toggle_OUT_reg
                0x000094d0       0x2c lcd.o
 .text._gpio_set_level
                0x000094fc       0x50 lcd.o
 .text._gpio_toggle_level
                0x0000954c       0x2c lcd.o
 .text.gpio_set_pin_level
                0x00009578       0x40 lcd.o
 .text.gpio_toggle_pin_level
                0x000095b8       0x34 lcd.o
 .text.lcdBacklight
                0x000095ec       0x24 lcd.o
                0x000095ec                lcdBacklight
 .text.lcdOn    0x00009610       0x30 lcd.o
                0x00009610                lcdOn
 .text.lcdLoadNibble
                0x00009640       0xa8 lcd.o
                0x00009640                lcdLoadNibble
 .text.lcdPulse
                0x000096e8       0x38 lcd.o
                0x000096e8                lcdPulse
 .text.lcdCommand
                0x00009720       0x6c lcd.o
                0x00009720                lcdCommand
 .text.lcdWriteChar
                0x0000978c       0x6c lcd.o
                0x0000978c                lcdWriteChar
 .text.lcdClear
                0x000097f8       0x20 lcd.o
                0x000097f8                lcdClear
 .text.lcdGoToPos
                0x00009818       0x44 lcd.o
                0x00009818                lcdGoToPos
 .text.lcdGoToLine
                0x0000985c       0x24 lcd.o
                0x0000985c                lcdGoToLine
 .text.lcdWriteText
                0x00009880       0x54 lcd.o
                0x00009880                lcdWriteText
 .text.lcdWriteCharPos
                0x000098d4       0x48 lcd.o
                0x000098d4                lcdWriteCharPos
 .text.lcdInit  0x0000991c       0xa8 lcd.o
                0x0000991c                lcdInit
 .text.hri_port_set_OUT_reg
                0x000099c4       0x2c main.o
 .text.hri_port_clear_OUT_reg
                0x000099f0       0x2c main.o
 .text.hri_port_toggle_OUT_reg
                0x00009a1c       0x2c main.o
 .text._gpio_set_level
                0x00009a48       0x50 main.o
 .text._gpio_toggle_level
                0x00009a98       0x2c main.o
 .text.gpio_set_pin_level
                0x00009ac4       0x40 main.o
 .text.gpio_toggle_pin_level
                0x00009b04       0x34 main.o
 .text.main     0x00009b38      0x200 main.o
                0x00009b38                main
 .text.TIMER_0_task1_cb
                0x00009d38       0x34 main.o
                0x00009d38                TIMER_0_task1_cb
 .text.hri_port_read_DIR_reg
                0x00009d6c       0x20 readswitch.o
 .text.hri_port_read_OUT_reg
                0x00009d8c       0x24 readswitch.o
 .text.hri_port_read_IN_reg
                0x00009db0       0x24 readswitch.o
 .text._gpio_get_level
                0x00009dd4       0x8c readswitch.o
 .text.gpio_get_pin_level
                0x00009e60       0x40 readswitch.o
 .text.readswitch
                0x00009ea0      0x210 readswitch.o
                0x00009ea0                readswitch
 .text.usb_get_u16
                0x0000a0b0       0x26 usb/class/cdc/device/cdcdf_acm.o
 .text.usb_desc_len
                0x0000a0d6       0x14 usb/class/cdc/device/cdcdf_acm.o
 *fill*         0x0000a0ea        0x2 
 .text.usb_desc_next
                0x0000a0ec       0x24 usb/class/cdc/device/cdcdf_acm.o
 .text.cdcdf_acm_enable
                0x0000a110      0x1c8 usb/class/cdc/device/cdcdf_acm.o
 .text.cdcdf_acm_disable
                0x0000a2d8       0xdc usb/class/cdc/device/cdcdf_acm.o
 .text.cdcdf_acm_ctrl
                0x0000a3b4       0x60 usb/class/cdc/device/cdcdf_acm.o
 .text.cdcdf_acm_set_req
                0x0000a414       0xfc usb/class/cdc/device/cdcdf_acm.o
 .text.cdcdf_acm_get_req
                0x0000a510       0x74 usb/class/cdc/device/cdcdf_acm.o
 .text.cdcdf_acm_req
                0x0000a584       0xa4 usb/class/cdc/device/cdcdf_acm.o
 .text.cdcdf_acm_init
                0x0000a628       0x58 usb/class/cdc/device/cdcdf_acm.o
                0x0000a628                cdcdf_acm_init
 .text.cdcdf_acm_write
                0x0000a680       0x48 usb/class/cdc/device/cdcdf_acm.o
                0x0000a680                cdcdf_acm_write
 .text.cdcdf_acm_is_enabled
                0x0000a6c8       0x14 usb/class/cdc/device/cdcdf_acm.o
                0x0000a6c8                cdcdf_acm_is_enabled
 .text.usb_get_u16
                0x0000a6dc       0x26 usb/device/usbdc.o
 .text.usb_desc_len
                0x0000a702       0x14 usb/device/usbdc.o
 *fill*         0x0000a716        0x2 
 .text.usb_desc_next
                0x0000a718       0x24 usb/device/usbdc.o
 .text.usb_cfg_desc_total_len
                0x0000a73c       0x20 usb/device/usbdc.o
 .text.usbdc_get_dev_desc
                0x0000a75c       0x8c usb/device/usbdc.o
 .text.usbdc_get_cfg_desc
                0x0000a7e8       0xec usb/device/usbdc.o
 .text.usbdc_get_str_desc
                0x0000a8d4       0xc8 usb/device/usbdc.o
 .text.usbdc_get_desc_req
                0x0000a99c       0x84 usb/device/usbdc.o
 .text.usbdc_get_status_req
                0x0000aa20       0x98 usb/device/usbdc.o
 .text.usbdc_get_interface
                0x0000aab8       0x98 usb/device/usbdc.o
 .text.usbdc_get_req
                0x0000ab50       0x94 usb/device/usbdc.o
 .text.usbdc_clear_ftr_req
                0x0000abe4       0x6c usb/device/usbdc.o
 .text.usbdc_set_ftr_req
                0x0000ac50       0x6c usb/device/usbdc.o
 .text.usbdc_unconfig
                0x0000acbc       0x34 usb/device/usbdc.o
 .text.usbdc_set_config
                0x0000acf0      0x134 usb/device/usbdc.o
 .text.usbdc_set_address
                0x0000ae24       0x24 usb/device/usbdc.o
 .text.usbdc_set_interface
                0x0000ae48      0x174 usb/device/usbdc.o
 .text.usbdc_set_req
                0x0000afbc       0xe0 usb/device/usbdc.o
 .text.usbdc_sof_notify
                0x0000b09c       0x34 usb/device/usbdc.o
 .text.usbdc_change_notify
                0x0000b0d0       0x44 usb/device/usbdc.o
 .text.usbdc_request_handler
                0x0000b114       0x6c usb/device/usbdc.o
 .text.usbd_sof_cb
                0x0000b180       0x14 usb/device/usbdc.o
 .text.usbdc_cb_ctl_req
                0x0000b194       0x80 usb/device/usbdc.o
 .text.usbdc_ctrl_status_end
                0x0000b214       0xa8 usb/device/usbdc.o
 .text.usbdc_ctrl_data_end
                0x0000b2bc       0x24 usb/device/usbdc.o
 .text.usbdc_cb_ctl_done
                0x0000b2e0       0x4c usb/device/usbdc.o
 .text.usbdc_reset
                0x0000b32c       0x70 usb/device/usbdc.o
                0x0000b32c                usbdc_reset
 .text.usbd_event_cb
                0x0000b39c       0x40 usb/device/usbdc.o
 .text.usbdc_xfer
                0x0000b3dc       0x5c usb/device/usbdc.o
                0x0000b3dc                usbdc_xfer
 .text.usbdc_register_handler
                0x0000b438       0x64 usb/device/usbdc.o
                0x0000b438                usbdc_register_handler
 .text.usbdc_init
                0x0000b49c       0x80 usb/device/usbdc.o
                0x0000b49c                usbdc_init
 .text.usbdc_register_function
                0x0000b51c       0x24 usb/device/usbdc.o
                0x0000b51c                usbdc_register_function
 .text.usbdc_start
                0x0000b540       0x50 usb/device/usbdc.o
                0x0000b540                usbdc_start
 .text.usbdc_attach
                0x0000b590       0x14 usb/device/usbdc.o
                0x0000b590                usbdc_attach
 .text.usbdc_get_ctrl_buffer
                0x0000b5a4       0x14 usb/device/usbdc.o
                0x0000b5a4                usbdc_get_ctrl_buffer
 .text.usbdc_get_state
                0x0000b5b8       0x24 usb/device/usbdc.o
                0x0000b5b8                usbdc_get_state
 .text.usb_get_u16
                0x0000b5dc       0x26 usb/usb_protocol.o
 .text.usb_desc_len
                0x0000b602       0x14 usb/usb_protocol.o
 .text.usb_desc_type
                0x0000b616       0x16 usb/usb_protocol.o
 .text.usb_desc_next
                0x0000b62c       0x24 usb/usb_protocol.o
 .text.usb_cfg_desc_total_len
                0x0000b650       0x20 usb/usb_protocol.o
 .text.usb_cfg_desc_next
                0x0000b670       0x24 usb/usb_protocol.o
 .text.usb_find_desc
                0x0000b694       0x64 usb/usb_protocol.o
                0x0000b694                usb_find_desc
 .text.usb_find_ep_desc
                0x0000b6f8       0x6c usb/usb_protocol.o
                0x0000b6f8                usb_find_ep_desc
 .text.usb_find_cfg_desc
                0x0000b764       0x84 usb/usb_protocol.o
                0x0000b764                usb_find_cfg_desc
 .text.usb_find_str_desc
                0x0000b7e8       0x90 usb/usb_protocol.o
                0x0000b7e8                usb_find_str_desc
 .text.cdc_device_acm_init
                0x0000b878       0x3c usb_start.o
                0x0000b878                cdc_device_acm_init
 .text.usb_init
                0x0000b8b4       0x14 usb_start.o
                0x0000b8b4                usb_init
 .text          0x0000b8c8      0x114 c:/program files (x86)/atmel/studio/7.0/toolchain/arm/arm-gnu-toolchain/bin/../lib/gcc/arm-none-eabi/6.3.1/thumb/v6-m\libgcc.a(_udivsi3.o)
                0x0000b8c8                __aeabi_uidiv
                0x0000b8c8                __udivsi3
                0x0000b9d4                __aeabi_uidivmod
 .text          0x0000b9dc        0x4 c:/program files (x86)/atmel/studio/7.0/toolchain/arm/arm-gnu-toolchain/bin/../lib/gcc/arm-none-eabi/6.3.1/thumb/v6-m\libgcc.a(_dvmd_tls.o)
                0x0000b9dc                __aeabi_idiv0
                0x0000b9dc                __aeabi_ldiv0
 .text.ffs      0x0000b9e0       0x1c c:/program files (x86)/atmel/studio/7.0/toolchain/arm/arm-gnu-toolchain/bin/../lib/gcc/arm-none-eabi/6.3.1/../../../../arm-none-eabi/lib/thumb/v6-m\libc_nano.a(lib_a-ffs.o)
                0x0000b9e0                ffs
 .text.__libc_init_array
                0x0000b9fc       0x48 c:/program files (x86)/atmel/studio/7.0/toolchain/arm/arm-gnu-toolchain/bin/../lib/gcc/arm-none-eabi/6.3.1/../../../../arm-none-eabi/lib/thumb/v6-m\libc_nano.a(lib_a-init.o)
                0x0000b9fc                __libc_init_array
 .text.memcpy   0x0000ba44       0x12 c:/program files (x86)/atmel/studio/7.0/toolchain/arm/arm-gnu-toolchain/bin/../lib/gcc/arm-none-eabi/6.3.1/../../../../arm-none-eabi/lib/thumb/v6-m\libc_nano.a(lib_a-memcpy-stub.o)
                0x0000ba44                memcpy
 .text.memset   0x0000ba56       0x10 c:/program files (x86)/atmel/studio/7.0/toolchain/arm/arm-gnu-toolchain/bin/../lib/gcc/arm-none-eabi/6.3.1/../../../../arm-none-eabi/lib/thumb/v6-m\libc_nano.a(lib_a-memset.o)
                0x0000ba56                memset
 *fill*         0x0000ba66        0x2 
 .text.sprintf  0x0000ba68       0x44 c:/program files (x86)/atmel/studio/7.0/toolchain/arm/arm-gnu-toolchain/bin/../lib/gcc/arm-none-eabi/6.3.1/../../../../arm-none-eabi/lib/thumb/v6-m\libc_nano.a(lib_a-sprintf.o)
                0x0000ba68                siprintf
                0x0000ba68                sprintf
 .text          0x0000baac        0xe c:/program files (x86)/atmel/studio/7.0/toolchain/arm/arm-gnu-toolchain/bin/../lib/gcc/arm-none-eabi/6.3.1/../../../../arm-none-eabi/lib/thumb/v6-m\libc_nano.a(lib_a-strlen.o)
                0x0000baac                strlen
 *fill*         0x0000baba        0x2 
 .text._malloc_r
                0x0000babc       0xbc c:/program files (x86)/atmel/studio/7.0/toolchain/arm/arm-gnu-toolchain/bin/../lib/gcc/arm-none-eabi/6.3.1/../../../../arm-none-eabi/lib/thumb/v6-m\libc_nano.a(lib_a-nano-mallocr.o)
                0x0000babc                _malloc_r
 .text.__ssputs_r
                0x0000bb78       0xc4 c:/program files (x86)/atmel/studio/7.0/toolchain/arm/arm-gnu-toolchain/bin/../lib/gcc/arm-none-eabi/6.3.1/../../../../arm-none-eabi/lib/thumb/v6-m\libc_nano.a(lib_a-nano-svfprintf.o)
                0x0000bb78                __ssputs_r
 .text._svfprintf_r
                0x0000bc3c      0x208 c:/program files (x86)/atmel/studio/7.0/toolchain/arm/arm-gnu-toolchain/bin/../lib/gcc/arm-none-eabi/6.3.1/../../../../arm-none-eabi/lib/thumb/v6-m\libc_nano.a(lib_a-nano-svfprintf.o)
                0x0000bc3c                _svfiprintf_r
                0x0000bc3c                _svfprintf_r
 .text._printf_common
                0x0000be44       0xda c:/program files (x86)/atmel/studio/7.0/toolchain/arm/arm-gnu-toolchain/bin/../lib/gcc/arm-none-eabi/6.3.1/../../../../arm-none-eabi/lib/thumb/v6-m\libc_nano.a(lib_a-nano-vfprintf_i.o)
                0x0000be44                _printf_common
 *fill*         0x0000bf1e        0x2 
 .text._printf_i
                0x0000bf20      0x234 c:/program files (x86)/atmel/studio/7.0/toolchain/arm/arm-gnu-toolchain/bin/../lib/gcc/arm-none-eabi/6.3.1/../../../../arm-none-eabi/lib/thumb/v6-m\libc_nano.a(lib_a-nano-vfprintf_i.o)
                0x0000bf20                _printf_i
 .text._sbrk_r  0x0000c154       0x24 c:/program files (x86)/atmel/studio/7.0/toolchain/arm/arm-gnu-toolchain/bin/../lib/gcc/arm-none-eabi/6.3.1/../../../../arm-none-eabi/lib/thumb/v6-m\libc_nano.a(lib_a-sbrkr.o)
                0x0000c154                _sbrk_r
 .text.memchr   0x0000c178       0x16 c:/program files (x86)/atmel/studio/7.0/toolchain/arm/arm-gnu-toolchain/bin/../lib/gcc/arm-none-eabi/6.3.1/../../../../arm-none-eabi/lib/thumb/v6-m\libc_nano.a(lib_a-memchr-stub.o)
                0x0000c178                memchr
 .text.memmove  0x0000c18e       0x24 c:/program files (x86)/atmel/studio/7.0/toolchain/arm/arm-gnu-toolchain/bin/../lib/gcc/arm-none-eabi/6.3.1/../../../../arm-none-eabi/lib/thumb/v6-m\libc_nano.a(lib_a-memmove.o)
                0x0000c18e                memmove
 .text.__malloc_lock
                0x0000c1b2        0x2 c:/program files (x86)/atmel/studio/7.0/toolchain/arm/arm-gnu-toolchain/bin/../lib/gcc/arm-none-eabi/6.3.1/../../../../arm-none-eabi/lib/thumb/v6-m\libc_nano.a(lib_a-mlock.o)
                0x0000c1b2                __malloc_lock
 .text.__malloc_unlock
                0x0000c1b4        0x2 c:/program files (x86)/atmel/studio/7.0/toolchain/arm/arm-gnu-toolchain/bin/../lib/gcc/arm-none-eabi/6.3.1/../../../../arm-none-eabi/lib/thumb/v6-m\libc_nano.a(lib_a-mlock.o)
                0x0000c1b4                __malloc_unlock
 *fill*         0x0000c1b6        0x2 
 .text._free_r  0x0000c1b8       0x94 c:/program files (x86)/atmel/studio/7.0/toolchain/arm/arm-gnu-toolchain/bin/../lib/gcc/arm-none-eabi/6.3.1/../../../../arm-none-eabi/lib/thumb/v6-m\libc_nano.a(lib_a-nano-freer.o)
                0x0000c1b8                _free_r
 .text._realloc_r
                0x0000c24c       0x4c c:/program files (x86)/atmel/studio/7.0/toolchain/arm/arm-gnu-toolchain/bin/../lib/gcc/arm-none-eabi/6.3.1/../../../../arm-none-eabi/lib/thumb/v6-m\libc_nano.a(lib_a-nano-reallocr.o)
                0x0000c24c                _realloc_r
 .text._malloc_usable_size_r
                0x0000c298       0x10 c:/program files (x86)/atmel/studio/7.0/toolchain/arm/arm-gnu-toolchain/bin/../lib/gcc/arm-none-eabi/6.3.1/../../../../arm-none-eabi/lib/thumb/v6-m\libc_nano.a(lib_a-nano-msizer.o)
                0x0000c298                _malloc_usable_size_r
 *(.glue_7t)
 .glue_7t       0x0000c2a8        0x0 linker stubs
 *(.glue_7)
 .glue_7        0x0000c2a8        0x0 linker stubs
 *(.rodata .rodata* .gnu.linkonce.r.*)
 .rodata        0x0000c2a8       0x34 driver_init.o
 .rodata        0x0000c2dc       0x1a hal/src/hal_adc_sync.o
 *fill*         0x0000c2f6        0x2 
 .rodata        0x0000c2f8       0x1c hal/src/hal_i2c_m_sync.o
 .rodata        0x0000c314       0x15 hal/src/hal_pwm.o
 *fill*         0x0000c329        0x3 
 .rodata        0x0000c32c       0x1c hal/src/hal_spi_m_sync.o
 .rodata        0x0000c348       0x17 hal/src/hal_timer.o
 *fill*         0x0000c35f        0x1 
 .rodata        0x0000c360       0x1c hal/src/hal_usart_sync.o
 .rodata        0x0000c37c       0x1e hal/utils/src/utils_list.o
 *fill*         0x0000c39a        0x2 
 .rodata        0x0000c39c       0x15 hpl/adc/hpl_adc.o
 *fill*         0x0000c3b1        0x3 
 .rodata        0x0000c3b4       0x4c hpl/core/hpl_core_m0plus_base.o
 .rodata        0x0000c400       0x1d hpl/eic/hpl_eic.o
 *fill*         0x0000c41d        0x3 
 .rodata        0x0000c420       0x15 hpl/rtc/hpl_rtc.o
 *fill*         0x0000c435        0x3 
 .rodata        0x0000c438       0x3e hpl/sercom/hpl_sercom.o
 *fill*         0x0000c476        0x2 
 .rodata        0x0000c478       0x2a hpl/usb/hpl_usb.o
 *fill*         0x0000c4a2        0x2 
 .rodata        0x0000c4a4        0xd main.o
 *fill*         0x0000c4b1        0x3 
 .rodata        0x0000c4b4        0xd readswitch.o
 *fill*         0x0000c4c1        0x3 
 .rodata        0x0000c4c4       0x46 usb/device/usbdc.o
 *fill*         0x0000c50a        0x2 
 .rodata.__sf_fake_stderr
                0x0000c50c       0x20 c:/program files (x86)/atmel/studio/7.0/toolchain/arm/arm-gnu-toolchain/bin/../lib/gcc/arm-none-eabi/6.3.1/../../../../arm-none-eabi/lib/thumb/v6-m\libc_nano.a(lib_a-findfp.o)
                0x0000c50c                __sf_fake_stderr
 .rodata.__sf_fake_stdin
                0x0000c52c       0x20 c:/program files (x86)/atmel/studio/7.0/toolchain/arm/arm-gnu-toolchain/bin/../lib/gcc/arm-none-eabi/6.3.1/../../../../arm-none-eabi/lib/thumb/v6-m\libc_nano.a(lib_a-findfp.o)
                0x0000c52c                __sf_fake_stdin
 .rodata.__sf_fake_stdout
                0x0000c54c       0x20 c:/program files (x86)/atmel/studio/7.0/toolchain/arm/arm-gnu-toolchain/bin/../lib/gcc/arm-none-eabi/6.3.1/../../../../arm-none-eabi/lib/thumb/v6-m\libc_nano.a(lib_a-findfp.o)
                0x0000c54c                __sf_fake_stdout
 .rodata._svfprintf_r.str1.1
                0x0000c56c       0x11 c:/program files (x86)/atmel/studio/7.0/toolchain/arm/arm-gnu-toolchain/bin/../lib/gcc/arm-none-eabi/6.3.1/../../../../arm-none-eabi/lib/thumb/v6-m\libc_nano.a(lib_a-nano-svfprintf.o)
 .rodata._printf_i.str1.1
                0x0000c57d       0x22 c:/program files (x86)/atmel/studio/7.0/toolchain/arm/arm-gnu-toolchain/bin/../lib/gcc/arm-none-eabi/6.3.1/../../../../arm-none-eabi/lib/thumb/v6-m\libc_nano.a(lib_a-nano-vfprintf_i.o)
 *(.ARM.extab* .gnu.linkonce.armextab.*)
                0x0000c5a0                . = ALIGN (0x4)
 *fill*         0x0000c59f        0x1 
 *(.init)
 .init          0x0000c5a0        0x4 c:/program files (x86)/atmel/studio/7.0/toolchain/arm/arm-gnu-toolchain/bin/../lib/gcc/arm-none-eabi/6.3.1/thumb/v6-m/crti.o
                0x0000c5a0                _init
 .init          0x0000c5a4        0x8 c:/program files (x86)/atmel/studio/7.0/toolchain/arm/arm-gnu-toolchain/bin/../lib/gcc/arm-none-eabi/6.3.1/thumb/v6-m/crtn.o
                0x0000c5ac                . = ALIGN (0x4)
                0x0000c5ac                __preinit_array_start = .
 *(.preinit_array)
                0x0000c5ac                __preinit_array_end = .
                0x0000c5ac                . = ALIGN (0x4)
                0x0000c5ac                __init_array_start = .
 *(SORT(.init_array.*))
 *(.init_array)
 .init_array    0x0000c5ac        0x4 c:/program files (x86)/atmel/studio/7.0/toolchain/arm/arm-gnu-toolchain/bin/../lib/gcc/arm-none-eabi/6.3.1/thumb/v6-m/crtbegin.o
                0x0000c5b0                __init_array_end = .
                0x0000c5b0                . = ALIGN (0x4)
 *crtbegin.o(.ctors)
 *(EXCLUDE_FILE(*crtend.o) .ctors)
 *(SORT(.ctors.*))
 *crtend.o(.ctors)
                0x0000c5b0                . = ALIGN (0x4)
 *(.fini)
 .fini          0x0000c5b0        0x4 c:/program files (x86)/atmel/studio/7.0/toolchain/arm/arm-gnu-toolchain/bin/../lib/gcc/arm-none-eabi/6.3.1/thumb/v6-m/crti.o
                0x0000c5b0                _fini
 .fini          0x0000c5b4        0x8 c:/program files (x86)/atmel/studio/7.0/toolchain/arm/arm-gnu-toolchain/bin/../lib/gcc/arm-none-eabi/6.3.1/thumb/v6-m/crtn.o
                0x0000c5bc                . = ALIGN (0x4)
                0x0000c5bc                __fini_array_start = .
 *(.fini_array)
 .fini_array    0x0000c5bc        0x4 c:/program files (x86)/atmel/studio/7.0/toolchain/arm/arm-gnu-toolchain/bin/../lib/gcc/arm-none-eabi/6.3.1/thumb/v6-m/crtbegin.o
 *(SORT(.fini_array.*))
                0x0000c5c0                __fini_array_end = .
 *crtbegin.o(.dtors)
 *(EXCLUDE_FILE(*crtend.o) .dtors)
 *(SORT(.dtors.*))
 *crtend.o(.dtors)
                0x0000c5c0                . = ALIGN (0x4)
                0x0000c5c0                _efixed = .
                [!provide]                PROVIDE (__exidx_start, .)

.vfp11_veneer   0x0000c5c0        0x0
 .vfp11_veneer  0x0000c5c0        0x0 linker stubs

.v4_bx          0x0000c5c0        0x0
 .v4_bx         0x0000c5c0        0x0 linker stubs

.iplt           0x0000c5c0        0x0
 .iplt          0x0000c5c0        0x0 c:/program files (x86)/atmel/studio/7.0/toolchain/arm/arm-gnu-toolchain/bin/../lib/gcc/arm-none-eabi/6.3.1/thumb/v6-m/crtbegin.o

.eh_frame       0x0000c5c0        0x0
 .eh_frame      0x0000c5c0        0x0 c:/program files (x86)/atmel/studio/7.0/toolchain/arm/arm-gnu-toolchain/bin/../lib/gcc/arm-none-eabi/6.3.1/thumb/v6-m/crtbegin.o

.rel.dyn        0x0000c5c0        0x0
 .rel.iplt      0x0000c5c0        0x0 c:/program files (x86)/atmel/studio/7.0/toolchain/arm/arm-gnu-toolchain/bin/../lib/gcc/arm-none-eabi/6.3.1/thumb/v6-m/crtbegin.o

.jcr            0x0000c5c0        0x0
 .jcr           0x0000c5c0        0x0 c:/program files (x86)/atmel/studio/7.0/toolchain/arm/arm-gnu-toolchain/bin/../lib/gcc/arm-none-eabi/6.3.1/thumb/v6-m/crtbegin.o

.igot.plt       0x0000c5c0        0x0
 .igot.plt      0x0000c5c0        0x0 c:/program files (x86)/atmel/studio/7.0/toolchain/arm/arm-gnu-toolchain/bin/../lib/gcc/arm-none-eabi/6.3.1/thumb/v6-m/crtbegin.o

.ARM.exidx
 *(.ARM.exidx* .gnu.linkonce.armexidx.*)
                [!provide]                PROVIDE (__exidx_end, .)
                0x0000c5c0                . = ALIGN (0x4)
                0x0000c5c0                _etext = .

.relocate       0x20000000      0x168 load address 0x0000c5c0
                0x20000000                . = ALIGN (0x4)
                0x20000000                _srelocate = .
 *(.ramfunc .ramfunc.*)
 *(.data .data.*)
 .data          0x20000000       0x1c hpl/adc/hpl_adc.o
 .data          0x2000001c       0x44 hpl/sercom/hpl_sercom.o
 .data          0x20000060       0x3c hpl/tcc/hpl_tcc.o
 .data          0x2000009c        0x8 usb/class/cdc/device/cdcdf_acm.o
 .data          0x200000a4       0x60 usb_start.o
 .data._impure_ptr
                0x20000104        0x4 c:/program files (x86)/atmel/studio/7.0/toolchain/arm/arm-gnu-toolchain/bin/../lib/gcc/arm-none-eabi/6.3.1/../../../../arm-none-eabi/lib/thumb/v6-m\libc_nano.a(lib_a-impure.o)
                0x20000104                _impure_ptr
 .data.impure_data
                0x20000108       0x60 c:/program files (x86)/atmel/studio/7.0/toolchain/arm/arm-gnu-toolchain/bin/../lib/gcc/arm-none-eabi/6.3.1/../../../../arm-none-eabi/lib/thumb/v6-m\libc_nano.a(lib_a-impure.o)
                0x20000168                . = ALIGN (0x4)
                0x20000168                _erelocate = .

.bss            0x20000168      0x508 load address 0x0000c728
                0x20000168                . = ALIGN (0x4)
                0x20000168                _sbss = .
                0x20000168                _szero = .
 *(.bss .bss.*)
 .bss           0x20000168       0x1c c:/program files (x86)/atmel/studio/7.0/toolchain/arm/arm-gnu-toolchain/bin/../lib/gcc/arm-none-eabi/6.3.1/thumb/v6-m/crtbegin.o
 .bss           0x20000184        0x4 hal/src/hal_delay.o
 .bss           0x20000188        0x8 hal/src/hal_ext_irq.o
 .bss           0x20000190       0x80 hal/src/hal_usb_device.o
 .bss           0x20000210        0x4 hal/utils/src/utils_syscalls.o
 .bss           0x20000214        0x4 hpl/eic/hpl_eic.o
 .bss           0x20000218        0x4 hpl/rtc/hpl_rtc.o
 .bss           0x2000021c        0x4 hpl/tcc/hpl_tcc.o
 .bss           0x20000220      0x1e8 hpl/usb/hpl_usb.o
 .bss           0x20000408       0x34 readswitch.o
 .bss           0x2000043c       0x24 usb/class/cdc/device/cdcdf_acm.o
 .bss           0x20000460       0x20 usb/device/usbdc.o
 .bss           0x20000480       0x80 usb_start.o
 .bss.__malloc_free_list
                0x20000500        0x4 c:/program files (x86)/atmel/studio/7.0/toolchain/arm/arm-gnu-toolchain/bin/../lib/gcc/arm-none-eabi/6.3.1/../../../../arm-none-eabi/lib/thumb/v6-m\libc_nano.a(lib_a-nano-mallocr.o)
                0x20000500                __malloc_free_list
 .bss.__malloc_sbrk_start
                0x20000504        0x4 c:/program files (x86)/atmel/studio/7.0/toolchain/arm/arm-gnu-toolchain/bin/../lib/gcc/arm-none-eabi/6.3.1/../../../../arm-none-eabi/lib/thumb/v6-m\libc_nano.a(lib_a-nano-mallocr.o)
                0x20000504                __malloc_sbrk_start
 *(COMMON)
 COMMON         0x20000508       0xd4 driver_init.o
                0x20000508                PWM_MOTOR1
                0x20000524                SPI_1
                0x2000053c                I2C_1
                0x2000055c                ADC_0
                0x20000560                PWM_SERVO
                0x2000057c                SPI_0
                0x20000594                USART_0
                0x200005a0                I2C_0
                0x200005c0                TIMER_0
 COMMON         0x200005dc       0x90 main.o
                0x200005dc                debounceTimer
                0x200005e0                TIMER_0_task2
                0x200005f4                buffer
                0x20000628                ledTimer
                0x2000062c                TIMER_0_task1
                0x20000640                textline
                0x20000668                io_USART_0
 COMMON         0x2000066c        0x4 c:/program files (x86)/atmel/studio/7.0/toolchain/arm/arm-gnu-toolchain/bin/../lib/gcc/arm-none-eabi/6.3.1/../../../../arm-none-eabi/lib/thumb/v6-m\libc_nano.a(lib_a-reent.o)
                0x2000066c                errno
                0x20000670                . = ALIGN (0x4)
                0x20000670                _ebss = .
                0x20000670                _ezero = .

.stack          0x20000670     0x2000 load address 0x0000cc30
                0x20000670                . = ALIGN (0x8)
                0x20000670                _sstack = .
                0x20002670                . = (. + STACK_SIZE)
 *fill*         0x20000670     0x2000 
                0x20002670                . = ALIGN (0x8)
                0x20002670                _estack = .
                0x20002670                . = ALIGN (0x4)
                0x20002670                _end = .
OUTPUT(duck.elf elf32-littlearm)

.ARM.attributes
                0x00000000       0x28
 .ARM.attributes
                0x00000000       0x1e c:/program files (x86)/atmel/studio/7.0/toolchain/arm/arm-gnu-toolchain/bin/../lib/gcc/arm-none-eabi/6.3.1/thumb/v6-m/crti.o
 .ARM.attributes
                0x0000001e       0x2c c:/program files (x86)/atmel/studio/7.0/toolchain/arm/arm-gnu-toolchain/bin/../lib/gcc/arm-none-eabi/6.3.1/thumb/v6-m/crtbegin.o
 .ARM.attributes
                0x0000004a       0x32 atmel_start.o
 .ARM.attributes
                0x0000007c       0x32 Device_Startup/startup_samd21.o
 .ARM.attributes
                0x000000ae       0x32 driver_init.o
 .ARM.attributes
                0x000000e0       0x32 hal/src/hal_adc_sync.o
 .ARM.attributes
                0x00000112       0x32 hal/src/hal_atomic.o
 .ARM.attributes
                0x00000144       0x32 hal/src/hal_delay.o
 .ARM.attributes
                0x00000176       0x32 hal/src/hal_ext_irq.o
 .ARM.attributes
                0x000001a8       0x32 hal/src/hal_i2c_m_sync.o
 .ARM.attributes
                0x000001da       0x32 hal/src/hal_pwm.o
 .ARM.attributes
                0x0000020c       0x32 hal/src/hal_spi_m_sync.o
 .ARM.attributes
                0x0000023e       0x32 hal/src/hal_timer.o
 .ARM.attributes
                0x00000270       0x32 hal/src/hal_usart_sync.o
 .ARM.attributes
                0x000002a2       0x32 hal/src/hal_usb_device.o
 .ARM.attributes
                0x000002d4       0x32 hal/utils/src/utils_assert.o
 .ARM.attributes
                0x00000306       0x32 hal/utils/src/utils_list.o
 .ARM.attributes
                0x00000338       0x32 hal/utils/src/utils_syscalls.o
 .ARM.attributes
                0x0000036a       0x32 hpl/adc/hpl_adc.o
 .ARM.attributes
                0x0000039c       0x32 hpl/core/hpl_core_m0plus_base.o
 .ARM.attributes
                0x000003ce       0x32 hpl/core/hpl_init.o
 .ARM.attributes
                0x00000400       0x32 hpl/eic/hpl_eic.o
 .ARM.attributes
                0x00000432       0x32 hpl/gclk/hpl_gclk.o
 .ARM.attributes
                0x00000464       0x32 hpl/pm/hpl_pm.o
 .ARM.attributes
                0x00000496       0x32 hpl/rtc/hpl_rtc.o
 .ARM.attributes
                0x000004c8       0x32 hpl/sercom/hpl_sercom.o
 .ARM.attributes
                0x000004fa       0x32 hpl/sysctrl/hpl_sysctrl.o
 .ARM.attributes
                0x0000052c       0x32 hpl/systick/hpl_systick.o
 .ARM.attributes
                0x0000055e       0x32 hpl/tcc/hpl_tcc.o
 .ARM.attributes
                0x00000590       0x32 hpl/usb/hpl_usb.o
 .ARM.attributes
                0x000005c2       0x32 lcd.o
 .ARM.attributes
                0x000005f4       0x32 main.o
 .ARM.attributes
                0x00000626       0x32 readswitch.o
 .ARM.attributes
                0x00000658       0x32 usb/class/cdc/device/cdcdf_acm.o
 .ARM.attributes
                0x0000068a       0x32 usb/device/usbdc.o
 .ARM.attributes
                0x000006bc       0x32 usb/usb_protocol.o
 .ARM.attributes
                0x000006ee       0x32 usb_start.o
 .ARM.attributes
                0x00000720       0x1e c:/program files (x86)/atmel/studio/7.0/toolchain/arm/arm-gnu-toolchain/bin/../lib/gcc/arm-none-eabi/6.3.1/thumb/v6-m\libgcc.a(_udivsi3.o)
 .ARM.attributes
                0x0000073e       0x1e c:/program files (x86)/atmel/studio/7.0/toolchain/arm/arm-gnu-toolchain/bin/../lib/gcc/arm-none-eabi/6.3.1/thumb/v6-m\libgcc.a(_dvmd_tls.o)
 .ARM.attributes
                0x0000075c       0x2c c:/program files (x86)/atmel/studio/7.0/toolchain/arm/arm-gnu-toolchain/bin/../lib/gcc/arm-none-eabi/6.3.1/../../../../arm-none-eabi/lib/thumb/v6-m\libc_nano.a(lib_a-ffs.o)
 .ARM.attributes
                0x00000788       0x2c c:/program files (x86)/atmel/studio/7.0/toolchain/arm/arm-gnu-toolchain/bin/../lib/gcc/arm-none-eabi/6.3.1/../../../../arm-none-eabi/lib/thumb/v6-m\libc_nano.a(lib_a-impure.o)
 .ARM.attributes
                0x000007b4       0x2c c:/program files (x86)/atmel/studio/7.0/toolchain/arm/arm-gnu-toolchain/bin/../lib/gcc/arm-none-eabi/6.3.1/../../../../arm-none-eabi/lib/thumb/v6-m\libc_nano.a(lib_a-init.o)
 .ARM.attributes
                0x000007e0       0x2c c:/program files (x86)/atmel/studio/7.0/toolchain/arm/arm-gnu-toolchain/bin/../lib/gcc/arm-none-eabi/6.3.1/../../../../arm-none-eabi/lib/thumb/v6-m\libc_nano.a(lib_a-memcpy-stub.o)
 .ARM.attributes
                0x0000080c       0x2c c:/program files (x86)/atmel/studio/7.0/toolchain/arm/arm-gnu-toolchain/bin/../lib/gcc/arm-none-eabi/6.3.1/../../../../arm-none-eabi/lib/thumb/v6-m\libc_nano.a(lib_a-memset.o)
 .ARM.attributes
                0x00000838       0x2c c:/program files (x86)/atmel/studio/7.0/toolchain/arm/arm-gnu-toolchain/bin/../lib/gcc/arm-none-eabi/6.3.1/../../../../arm-none-eabi/lib/thumb/v6-m\libc_nano.a(lib_a-sprintf.o)
 .ARM.attributes
                0x00000864       0x1c c:/program files (x86)/atmel/studio/7.0/toolchain/arm/arm-gnu-toolchain/bin/../lib/gcc/arm-none-eabi/6.3.1/../../../../arm-none-eabi/lib/thumb/v6-m\libc_nano.a(lib_a-strlen.o)
 .ARM.attributes
                0x00000880       0x2c c:/program files (x86)/atmel/studio/7.0/toolchain/arm/arm-gnu-toolchain/bin/../lib/gcc/arm-none-eabi/6.3.1/../../../../arm-none-eabi/lib/thumb/v6-m\libc_nano.a(lib_a-findfp.o)
 .ARM.attributes
                0x000008ac       0x2c c:/program files (x86)/atmel/studio/7.0/toolchain/arm/arm-gnu-toolchain/bin/../lib/gcc/arm-none-eabi/6.3.1/../../../../arm-none-eabi/lib/thumb/v6-m\libc_nano.a(lib_a-nano-mallocr.o)
 .ARM.attributes
                0x000008d8       0x2c c:/program files (x86)/atmel/studio/7.0/toolchain/arm/arm-gnu-toolchain/bin/../lib/gcc/arm-none-eabi/6.3.1/../../../../arm-none-eabi/lib/thumb/v6-m\libc_nano.a(lib_a-nano-svfprintf.o)
 .ARM.attributes
                0x00000904       0x2c c:/program files (x86)/atmel/studio/7.0/toolchain/arm/arm-gnu-toolchain/bin/../lib/gcc/arm-none-eabi/6.3.1/../../../../arm-none-eabi/lib/thumb/v6-m\libc_nano.a(lib_a-nano-vfprintf_i.o)
 .ARM.attributes
                0x00000930       0x2c c:/program files (x86)/atmel/studio/7.0/toolchain/arm/arm-gnu-toolchain/bin/../lib/gcc/arm-none-eabi/6.3.1/../../../../arm-none-eabi/lib/thumb/v6-m\libc_nano.a(lib_a-sbrkr.o)
 .ARM.attributes
                0x0000095c       0x2c c:/program files (x86)/atmel/studio/7.0/toolchain/arm/arm-gnu-toolchain/bin/../lib/gcc/arm-none-eabi/6.3.1/../../../../arm-none-eabi/lib/thumb/v6-m\libc_nano.a(lib_a-memchr-stub.o)
 .ARM.attributes
                0x00000988       0x2c c:/program files (x86)/atmel/studio/7.0/toolchain/arm/arm-gnu-toolchain/bin/../lib/gcc/arm-none-eabi/6.3.1/../../../../arm-none-eabi/lib/thumb/v6-m\libc_nano.a(lib_a-memmove.o)
 .ARM.attributes
                0x000009b4       0x2c c:/program files (x86)/atmel/studio/7.0/toolchain/arm/arm-gnu-toolchain/bin/../lib/gcc/arm-none-eabi/6.3.1/../../../../arm-none-eabi/lib/thumb/v6-m\libc_nano.a(lib_a-mlock.o)
 .ARM.attributes
                0x000009e0       0x2c c:/program files (x86)/atmel/studio/7.0/toolchain/arm/arm-gnu-toolchain/bin/../lib/gcc/arm-none-eabi/6.3.1/../../../../arm-none-eabi/lib/thumb/v6-m\libc_nano.a(lib_a-nano-freer.o)
 .ARM.attributes
                0x00000a0c       0x2c c:/program files (x86)/atmel/studio/7.0/toolchain/arm/arm-gnu-toolchain/bin/../lib/gcc/arm-none-eabi/6.3.1/../../../../arm-none-eabi/lib/thumb/v6-m\libc_nano.a(lib_a-nano-reallocr.o)
 .ARM.attributes
                0x00000a38       0x2c c:/program files (x86)/atmel/studio/7.0/toolchain/arm/arm-gnu-toolchain/bin/../lib/gcc/arm-none-eabi/6.3.1/../../../../arm-none-eabi/lib/thumb/v6-m\libc_nano.a(lib_a-reent.o)
 .ARM.attributes
                0x00000a64       0x2c c:/program files (x86)/atmel/studio/7.0/toolchain/arm/arm-gnu-toolchain/bin/../lib/gcc/arm-none-eabi/6.3.1/../../../../arm-none-eabi/lib/thumb/v6-m\libc_nano.a(lib_a-nano-msizer.o)
 .ARM.attributes
                0x00000a90       0x1e c:/program files (x86)/atmel/studio/7.0/toolchain/arm/arm-gnu-toolchain/bin/../lib/gcc/arm-none-eabi/6.3.1/thumb/v6-m/crtn.o

.comment        0x00000000       0x59
 .comment       0x00000000       0x59 atmel_start.o
                                 0x5a (size before relaxing)
 .comment       0x00000059       0x5a Device_Startup/startup_samd21.o
 .comment       0x00000059       0x5a driver_init.o
 .comment       0x00000059       0x5a hal/src/hal_adc_sync.o
 .comment       0x00000059       0x5a hal/src/hal_atomic.o
 .comment       0x00000059       0x5a hal/src/hal_delay.o
 .comment       0x00000059       0x5a hal/src/hal_ext_irq.o
 .comment       0x00000059       0x5a hal/src/hal_i2c_m_sync.o
 .comment       0x00000059       0x5a hal/src/hal_pwm.o
 .comment       0x00000059       0x5a hal/src/hal_spi_m_sync.o
 .comment       0x00000059       0x5a hal/src/hal_timer.o
 .comment       0x00000059       0x5a hal/src/hal_usart_sync.o
 .comment       0x00000059       0x5a hal/src/hal_usb_device.o
 .comment       0x00000059       0x5a hal/utils/src/utils_assert.o
 .comment       0x00000059       0x5a hal/utils/src/utils_list.o
 .comment       0x00000059       0x5a hal/utils/src/utils_syscalls.o
 .comment       0x00000059       0x5a hpl/adc/hpl_adc.o
 .comment       0x00000059       0x5a hpl/core/hpl_core_m0plus_base.o
 .comment       0x00000059       0x5a hpl/core/hpl_init.o
 .comment       0x00000059       0x5a hpl/eic/hpl_eic.o
 .comment       0x00000059       0x5a hpl/gclk/hpl_gclk.o
 .comment       0x00000059       0x5a hpl/pm/hpl_pm.o
 .comment       0x00000059       0x5a hpl/rtc/hpl_rtc.o
 .comment       0x00000059       0x5a hpl/sercom/hpl_sercom.o
 .comment       0x00000059       0x5a hpl/sysctrl/hpl_sysctrl.o
 .comment       0x00000059       0x5a hpl/systick/hpl_systick.o
 .comment       0x00000059       0x5a hpl/tcc/hpl_tcc.o
 .comment       0x00000059       0x5a hpl/usb/hpl_usb.o
 .comment       0x00000059       0x5a lcd.o
 .comment       0x00000059       0x5a main.o
 .comment       0x00000059       0x5a readswitch.o
 .comment       0x00000059       0x5a usb/class/cdc/device/cdcdf_acm.o
 .comment       0x00000059       0x5a usb/device/usbdc.o
 .comment       0x00000059       0x5a usb/usb_protocol.o
 .comment       0x00000059       0x5a usb_start.o

.debug_info     0x00000000    0x3daf3
 .debug_info    0x00000000      0xf4c atmel_start.o
 .debug_info    0x00000f4c     0x3a2b Device_Startup/startup_samd21.o
 .debug_info    0x00004977     0xc248 driver_init.o
 .debug_info    0x00010bbf      0x862 hal/src/hal_adc_sync.o
 .debug_info    0x00011421      0x1d8 hal/src/hal_atomic.o
 .debug_info    0x000115f9      0x1c4 hal/src/hal_delay.o
 .debug_info    0x000117bd      0x331 hal/src/hal_ext_irq.o
 .debug_info    0x00011aee      0x776 hal/src/hal_i2c_m_sync.o
 .debug_info    0x00012264      0x686 hal/src/hal_pwm.o
 .debug_info    0x000128ea      0x7e5 hal/src/hal_spi_m_sync.o
 .debug_info    0x000130cf      0x987 hal/src/hal_timer.o
 .debug_info    0x00013a56      0x9b5 hal/src/hal_usart_sync.o
 .debug_info    0x0001440b     0x1ab0 hal/src/hal_usb_device.o
 .debug_info    0x00015ebb      0x10b hal/utils/src/utils_assert.o
 .debug_info    0x00015fc6      0x2d1 hal/utils/src/utils_list.o
 .debug_info    0x00016297      0xdbf hal/utils/src/utils_syscalls.o
 .debug_info    0x00017056     0x2d1d hpl/adc/hpl_adc.o
 .debug_info    0x00019d73      0x7d7 hpl/core/hpl_core_m0plus_base.o
 .debug_info    0x0001a54a      0x665 hpl/core/hpl_init.o
 .debug_info    0x0001abaf     0x1dc3 hpl/eic/hpl_eic.o
 .debug_info    0x0001c972      0x4a4 hpl/gclk/hpl_gclk.o
 .debug_info    0x0001ce16      0xc46 hpl/pm/hpl_pm.o
 .debug_info    0x0001da5c     0x1e4b hpl/rtc/hpl_rtc.o
 .debug_info    0x0001f8a7     0x80c0 hpl/sercom/hpl_sercom.o
 .debug_info    0x00027967     0x18e1 hpl/sysctrl/hpl_sysctrl.o
 .debug_info    0x00029248      0x258 hpl/systick/hpl_systick.o
 .debug_info    0x000294a0     0x32ae hpl/tcc/hpl_tcc.o
 .debug_info    0x0002c74e     0x6beb hpl/usb/hpl_usb.o
 .debug_info    0x00033339     0x1c65 lcd.o
 .debug_info    0x00034f9e     0x1c67 main.o
 .debug_info    0x00036c05     0x18b5 readswitch.o
 .debug_info    0x000384ba     0x15f4 usb/class/cdc/device/cdcdf_acm.o
 .debug_info    0x00039aae     0x1f63 usb/device/usbdc.o
 .debug_info    0x0003ba11      0xdcc usb/usb_protocol.o
 .debug_info    0x0003c7dd     0x1316 usb_start.o

.debug_abbrev   0x00000000     0x4dce
 .debug_abbrev  0x00000000      0x1b4 atmel_start.o
 .debug_abbrev  0x000001b4      0x227 Device_Startup/startup_samd21.o
 .debug_abbrev  0x000003db      0x315 driver_init.o
 .debug_abbrev  0x000006f0      0x164 hal/src/hal_adc_sync.o
 .debug_abbrev  0x00000854      0x146 hal/src/hal_atomic.o
 .debug_abbrev  0x0000099a       0xca hal/src/hal_delay.o
 .debug_abbrev  0x00000a64      0x137 hal/src/hal_ext_irq.o
 .debug_abbrev  0x00000b9b      0x153 hal/src/hal_i2c_m_sync.o
 .debug_abbrev  0x00000cee      0x15e hal/src/hal_pwm.o
 .debug_abbrev  0x00000e4c      0x189 hal/src/hal_spi_m_sync.o
 .debug_abbrev  0x00000fd5      0x1bf hal/src/hal_timer.o
 .debug_abbrev  0x00001194      0x1fe hal/src/hal_usart_sync.o
 .debug_abbrev  0x00001392      0x345 hal/src/hal_usb_device.o
 .debug_abbrev  0x000016d7       0x86 hal/utils/src/utils_assert.o
 .debug_abbrev  0x0000175d      0x101 hal/utils/src/utils_list.o
 .debug_abbrev  0x0000185e      0x230 hal/utils/src/utils_syscalls.o
 .debug_abbrev  0x00001a8e      0x322 hpl/adc/hpl_adc.o
 .debug_abbrev  0x00001db0      0x25c hpl/core/hpl_core_m0plus_base.o
 .debug_abbrev  0x0000200c      0x1a6 hpl/core/hpl_init.o
 .debug_abbrev  0x000021b2      0x36b hpl/eic/hpl_eic.o
 .debug_abbrev  0x0000251d      0x192 hpl/gclk/hpl_gclk.o
 .debug_abbrev  0x000026af      0x207 hpl/pm/hpl_pm.o
 .debug_abbrev  0x000028b6      0x313 hpl/rtc/hpl_rtc.o
 .debug_abbrev  0x00002bc9      0x3bf hpl/sercom/hpl_sercom.o
 .debug_abbrev  0x00002f88      0x214 hpl/sysctrl/hpl_sysctrl.o
 .debug_abbrev  0x0000319c      0x12e hpl/systick/hpl_systick.o
 .debug_abbrev  0x000032ca      0x3a3 hpl/tcc/hpl_tcc.o
 .debug_abbrev  0x0000366d      0x3db hpl/usb/hpl_usb.o
 .debug_abbrev  0x00003a48      0x2e4 lcd.o
 .debug_abbrev  0x00003d2c      0x313 main.o
 .debug_abbrev  0x0000403f      0x306 readswitch.o
 .debug_abbrev  0x00004345      0x2ec usb/class/cdc/device/cdcdf_acm.o
 .debug_abbrev  0x00004631      0x314 usb/device/usbdc.o
 .debug_abbrev  0x00004945      0x234 usb/usb_protocol.o
 .debug_abbrev  0x00004b79      0x255 usb_start.o

.debug_loc      0x00000000     0xd163
 .debug_loc     0x00000000       0x2c atmel_start.o
 .debug_loc     0x0000002c       0x64 Device_Startup/startup_samd21.o
 .debug_loc     0x00000090      0xa88 driver_init.o
 .debug_loc     0x00000b18      0x374 hal/src/hal_adc_sync.o
 .debug_loc     0x00000e8c       0x9c hal/src/hal_atomic.o
 .debug_loc     0x00000f28       0xd4 hal/src/hal_delay.o
 .debug_loc     0x00000ffc      0x170 hal/src/hal_ext_irq.o
 .debug_loc     0x0000116c      0x304 hal/src/hal_i2c_m_sync.o
 .debug_loc     0x00001470      0x1ec hal/src/hal_pwm.o
 .debug_loc     0x0000165c      0x304 hal/src/hal_spi_m_sync.o
 .debug_loc     0x00001960      0x2cc hal/src/hal_timer.o
 .debug_loc     0x00001c2c      0x3e4 hal/src/hal_usart_sync.o
 .debug_loc     0x00002010      0x689 hal/src/hal_usb_device.o
 .debug_loc     0x00002699       0x38 hal/utils/src/utils_assert.o
 .debug_loc     0x000026d1      0x150 hal/utils/src/utils_list.o
 .debug_loc     0x00002821      0x1ec hal/utils/src/utils_syscalls.o
 .debug_loc     0x00002a0d     0x1618 hpl/adc/hpl_adc.o
 .debug_loc     0x00004025      0x3c0 hpl/core/hpl_core_m0plus_base.o
 .debug_loc     0x000043e5       0x64 hpl/core/hpl_init.o
 .debug_loc     0x00004449      0x4c4 hpl/eic/hpl_eic.o
 .debug_loc     0x0000490d      0x10c hpl/gclk/hpl_gclk.o
 .debug_loc     0x00004a19      0x1a8 hpl/pm/hpl_pm.o
 .debug_loc     0x00004bc1      0x528 hpl/rtc/hpl_rtc.o
 .debug_loc     0x000050e9     0x3f02 hpl/sercom/hpl_sercom.o
 .debug_loc     0x00008feb      0x428 hpl/sysctrl/hpl_sysctrl.o
 .debug_loc     0x00009413      0x150 hpl/systick/hpl_systick.o
 .debug_loc     0x00009563      0x97c hpl/tcc/hpl_tcc.o
 .debug_loc     0x00009edf     0x19c8 hpl/usb/hpl_usb.o
 .debug_loc     0x0000b8a7      0x4a0 lcd.o
 .debug_loc     0x0000bd47      0x1f8 main.o
 .debug_loc     0x0000bf3f      0x150 readswitch.o
 .debug_loc     0x0000c08f      0x3a8 usb/class/cdc/device/cdcdf_acm.o
 .debug_loc     0x0000c437      0x960 usb/device/usbdc.o
 .debug_loc     0x0000cd97      0x2a0 usb/usb_protocol.o
 .debug_loc     0x0000d037      0x12c usb_start.o

.debug_aranges  0x00000000     0x21e0
 .debug_aranges
                0x00000000       0x20 atmel_start.o
 .debug_aranges
                0x00000020       0x28 Device_Startup/startup_samd21.o
 .debug_aranges
                0x00000048      0x1d0 driver_init.o
 .debug_aranges
                0x00000218       0x98 hal/src/hal_adc_sync.o
 .debug_aranges
                0x000002b0       0x30 hal/src/hal_atomic.o
 .debug_aranges
                0x000002e0       0x38 hal/src/hal_delay.o
 .debug_aranges
                0x00000318       0x50 hal/src/hal_ext_irq.o
 .debug_aranges
                0x00000368       0x88 hal/src/hal_i2c_m_sync.o
 .debug_aranges
                0x000003f0       0x60 hal/src/hal_pwm.o
 .debug_aranges
                0x00000450       0x88 hal/src/hal_spi_m_sync.o
 .debug_aranges
                0x000004d8       0x80 hal/src/hal_timer.o
 .debug_aranges
                0x00000558       0xa8 hal/src/hal_usart_sync.o
 .debug_aranges
                0x00000600      0x118 hal/src/hal_usb_device.o
 .debug_aranges
                0x00000718       0x20 hal/utils/src/utils_assert.o
 .debug_aranges
                0x00000738       0x48 hal/utils/src/utils_list.o
 .debug_aranges
                0x00000780       0x60 hal/utils/src/utils_syscalls.o
 .debug_aranges
                0x000007e0      0x340 hpl/adc/hpl_adc.o
 .debug_aranges
                0x00000b20       0xa8 hpl/core/hpl_core_m0plus_base.o
 .debug_aranges
                0x00000bc8       0x28 hpl/core/hpl_init.o
 .debug_aranges
                0x00000bf0       0xc8 hpl/eic/hpl_eic.o
 .debug_aranges